Archive member included because of file (symbol)

/Users/myu210/Desktop/MWSTAGE/MWSDK/TWENET/current/lib/libTWENET_BLUE.a(ToCoNet_event.o)
                              objs_BLUE/PingPong.o (PRSEV_u8RegisterEx)
/Users/myu210/Desktop/MWSTAGE/MWSDK/TWENET/current/lib/libTWENET_BLUE.a(ToCoNet_main.o)
                              objs_BLUE/settings/mwx_stgs_standard_core.o (sToCoNet_Context)
/Users/myu210/Desktop/MWSTAGE/MWSDK/TWENET/current/lib/libTWENET_BLUE.a(ToCoNet_utils.o)
                              /Users/myu210/Desktop/MWSTAGE/MWSDK/TWENET/current/lib/libTWENET_BLUE.a(ToCoNet_main.o) (ToCoNet_u32GetVersion)
/Users/myu210/Desktop/MWSTAGE/MWSDK/TWENET/current/lib/libTWENET_BLUE.a(ToCoNet_mod_Tx.o)
                              objs_BLUE/mwx_appcore.o (ToCoNet_vReg_mod_Tx_Standard)
/Users/myu210/Desktop/MWSTAGE/MWSDK/TWENET/current/lib/libTWENET_BLUE.a(ToCoNet_mod_TxRxQueue.o)
                              objs_BLUE/mwx_appcore.o (ToCoNet_vReg_mod_TxRxQueueSmall)
/Users/myu210/Desktop/MWSTAGE/MWSDK/TWENET/current/lib/libTWENET_BLUE.a(ToCoNet_mod_Nwk_Common.o)
                              /Users/myu210/Desktop/MWSTAGE/MWSDK/TWENET/current/lib/libTWENET_BLUE.a(ToCoNet_main.o) (ToCoNet_vRxProc_Mod)
/Users/myu210/Desktop/MWSTAGE/MWSDK/TWENET/current/lib/libTWENET_BLUE.a(ToCoNet_mod_Channel_Mgr.o)
                              /Users/myu210/Desktop/MWSTAGE/MWSDK/TWENET/current/lib/libTWENET_BLUE.a(ToCoNet_mod_Tx.o) (ToCoNet_ChMgr_bCh_OnTx)
/Users/myu210/Desktop/MWSTAGE/MWSDK/TWENET/current/lib/libTWENET_BLUE.a(Version.o)
                              /Users/myu210/Desktop/MWSTAGE/MWSDK/TWENET/current/lib/libTWENET_BLUE.a(ToCoNet_utils.o) (au8ToCoNetVersionInfo)
/Users/myu210/Desktop/MWSTAGE/MWSDK/TWENET/current/lib/libTWENET_BLUE.a(AppQueueApi_ToCoNet.o)
                              /Users/myu210/Desktop/MWSTAGE/MWSDK/TWENET/current/lib/libTWENET_BLUE.a(ToCoNet_main.o) (_u32_INT_ticktimer)
/Users/myu210/Desktop/MWSTAGE/MWSDK/TWENET/current/lib/libTWENEText_BLUE.a(AppStart.o)
                              (AppColdStart)
/Users/myu210/Desktop/MWSTAGE/MWSDK/TWENET/current/lib/libTWENEText_BLUE.a(getMacAddr.o)
                              /Users/myu210/Desktop/MWSTAGE/MWSDK/TWENET/current/lib/libTWENET_BLUE.a(ToCoNet_main.o) (ToCoNet_u32GetSerialOnBoot)
/Users/myu210/Desktop/MWSTAGE/MWSDK/TWENET/current/lib/libTWENEText_BLUE.a(mac.o)
                              /Users/myu210/Desktop/MWSTAGE/MWSDK/TWENET/current/lib/libTWENET_BLUE.a(ToCoNet_main.o) (Mac_vInit)
/Users/myu210/Desktop/MWSTAGE/MWSDK/TWENET/current/lib/libTWENEText_BLUE.a(AES_CCM.o)
                              /Users/myu210/Desktop/MWSTAGE/MWSDK/TWENET/current/lib/libTWENEText_BLUE.a(AppStart.o) (bAES_CCM_KeyReg)
/Users/myu210/Desktop/MWSTAGE/MWSDK/TWENET/current/lib/libTWENEText_BLUE.a(no_ack_handler.o)
                              /Users/myu210/Desktop/MWSTAGE/MWSDK/TWENET/current/lib/libTWENEText_BLUE.a(AppStart.o) (vInstallNoAckHandler)
/Users/myu210/Desktop/MWSTAGE/MWSDK/TWENET/current/lib/libTWENEText_BLUE.a(Version.o)
                              /Users/myu210/Desktop/MWSTAGE/MWSDK/TWENET/current/lib/libTWENET_BLUE.a(ToCoNet_utils.o) (au8ToCoNetExtVersionInfo)
/Users/myu210/Desktop/MWSTAGE/MWSDK/TWENET/current/lib/libTWENETutils_BLUE.a(serial.o)
                              objs_BLUE/PingPong.o (SERIAL_bTxChar)
/Users/myu210/Desktop/MWSTAGE/MWSDK/TWENET/current/lib/libTWENETutils_BLUE.a(uart.o)
                              /Users/myu210/Desktop/MWSTAGE/MWSDK/TWENET/current/lib/libTWENETutils_BLUE.a(serial.o) (UART_vInit)
/Users/myu210/Desktop/MWSTAGE/MWSDK/TWENET/current/lib/libTWENETutils_BLUE.a(ByteQueue.o)
                              /Users/myu210/Desktop/MWSTAGE/MWSDK/TWENET/current/lib/libTWENET_BLUE.a(ToCoNet_main.o) (QUEUE__vInit)
/Users/myu210/Desktop/MWSTAGE/MWSDK/TWENET/current/lib/libTWENETutils_BLUE.a(ccitt8.o)
                              /Users/myu210/Desktop/MWSTAGE/MWSDK/TWENET/current/lib/libTWENEText_BLUE.a(AppStart.o) (u8CCITT8)
/Users/myu210/Desktop/MWSTAGE/MWSDK/TWENET/current/lib/libTWENETutils_BLUE.a(fprintf.o)
                              objs_BLUE/sensors/legacy/sensor_driver.o (vfPrintf)
/Users/myu210/Desktop/MWSTAGE/MWSDK/TWENET/current/lib/libTWENETutils_BLUE.a(utils.o)
                              objs_BLUE/mwx_appcore.o (vTimerConfig)
/Users/myu210/Desktop/MWSTAGE/MWSDK/TWENET/current/lib/libTWENETutils_BLUE.a(ccm.o)
                              /Users/myu210/Desktop/MWSTAGE/MWSDK/TWENET/current/lib/libTWENEText_BLUE.a(AES_CCM.o) (ccm_init_and_key)
/Users/myu210/Desktop/MWSTAGE/MWSDK/TWENET/current/lib/libTWENETutils_BLUE.a(Version.o)
                              /Users/myu210/Desktop/MWSTAGE/MWSDK/TWENET/current/lib/libTWENET_BLUE.a(ToCoNet_utils.o) (au8ToCoNetUtilsVersionInfo)
/Users/myu210/Desktop/MWSTAGE/MWSDK/TWENET/current/lib/libTWENETutils_BLUE.a(aescrypt.o)
                              /Users/myu210/Desktop/MWSTAGE/MWSDK/TWENET/current/lib/libTWENETutils_BLUE.a(ccm.o) (aes_encrypt)
[...]
Memory Configuration

Name             Origin             Length             Attributes
flash            0x0000000000080000 0x0000000000028000
ram              0x000000000400004c 0x0000000000007fb4
*default*        0x0000000000000000 0xffffffffffffffff

Linker script and memory map

LOAD objs_BLUE/sensors/legacy/SMBus.o
LOAD objs_BLUE/sensors/legacy/sensor_driver.o
LOAD objs_BLUE/sensors/legacy/SHTC3.o
LOAD objs_BLUE/sensors/legacy/SHT31.o
LOAD objs_BLUE/sensors/legacy/LTR308ALS.o
LOAD objs_BLUE/sensors/legacy/BME280.o
LOAD objs_BLUE/mwx_debug.o
LOAD objs_BLUE/PingPong.o
LOAD objs_BLUE/mwx_utils_crc8.o
LOAD objs_BLUE/mwx_utils.o
LOAD objs_BLUE/mwx_appcore.o
LOAD objs_BLUE/mwx_memory.o
LOAD objs_BLUE/mwx_periph.o
LOAD objs_BLUE/mwx_periph_dio.o
LOAD objs_BLUE/mwx_periph_buttons.o
LOAD objs_BLUE/mwx_periph_analogue.o
LOAD objs_BLUE/mwx_periph_eeprom.o
LOAD objs_BLUE/mwx_stream.o
LOAD objs_BLUE/mwx_duplicate_checker.o
LOAD objs_BLUE/mwx_parser_pkt.o
LOAD objs_BLUE/settings/mwx_settings.o
LOAD objs_BLUE/settings/mwx_stgs_standard.o
LOAD objs_BLUE/settings/mwx_stgs_standard_core.o
LOAD objs_BLUE/settings/mwx_stgs_standard_tbl.o
LOAD objs_BLUE/boards/mwx_brd_pal_amb.o
LOAD objs_BLUE/boards/mwx_brd_pal_mot.o
LOAD objs_BLUE/boards/mwx_brd_pal_mag.o
LOAD objs_BLUE/boards/mwx_brd_pal_notice.o
LOAD objs_BLUE/boards/mwx_brd_monostick.o
LOAD objs_BLUE/boards/mwx_brd_app_twelite.o
LOAD objs_BLUE/boards/mwx_brd_cue.o
LOAD objs_BLUE/networks/mwx_nwk_simple.o
LOAD objs_BLUE/sensors/legacy/probe.o
LOAD objs_BLUE/sensors/mwx_sns_MC3630.o
LOAD objs_BLUE/sensors/mwx_sns_PCA9632.o
LOAD /Users/myu210/Desktop/MWSTAGE/MWSDK/TWENET/current/lib/libTWENET_BLUE.a
LOAD /Users/myu210/Desktop/MWSTAGE/MWSDK/TWENET/current/lib/libTWENEText_BLUE.a
LOAD /Users/myu210/Desktop/MWSTAGE/MWSDK/TWENET/current/lib/libTWENETutils_BLUE.a
LOAD /Users/myu210/Desktop/MWSTAGE/MWSDK/TWENET/current/lib/libTWENETstgs_BLUE.a
START GROUP
LOAD /Users/myu210/Desktop/MWSTAGE/MWSDK/ChipLib/SW4063V1416/Components/Library/libAppApi_JN516x.a
LOAD /Users/myu210/Desktop/MWSTAGE/MWSDK/ChipLib/SW4063V1416/Components/Library/libMAC_JN516x.a
LOAD /Users/myu210/Desktop/MWSTAGE/MWSDK/ChipLib/SW4063V1416/Components/Library/libTimerServer_JN516x.a
LOAD /Users/myu210/Desktop/MWSTAGE/MWSDK/ChipLib/SW4063V1416/Components/Library/libTOF_JN516x.a
LOAD /Users/myu210/Desktop/MWSTAGE/MWSDK/ChipLib/SW4063V1416/Components/Library/libXcv_JN516x.a
LOAD /Users/myu210/Desktop/MWSTAGE/MWSDK/ChipLib/SW4063V1416/Components/Library/libAes_JN516x.a
LOAD /Users/myu210/Desktop/MWSTAGE/MWSDK/ChipLib/SW4063V1416/Components/Library/libHardwareApi_JN516x.a
LOAD /Users/myu210/Desktop/MWSTAGE/MWSDK/ChipLib/SW4063V1416/Components/Library/libMicroSpecific_JN516x.a
LOAD /Users/myu210/Desktop/MWSTAGE/MWSDK/ChipLib/SW4063V1416/Components/Library/libBoot_JN516x.a
LOAD /Users/myu210/Desktop/MWSTAGE/MWSDK/ChipLib/SW4063V1416/Components/Library/libPDM_EEPROM_JN516x_NO_RTOS.a
LOAD /Users/myu210/Desktop/MWSTAGE/MWSDK/TWENET/current/lib/libTWENET_BLUE.a
LOAD /Users/myu210/Desktop/MWSTAGE/MWSDK/TWENET/current/lib/libTWENEText_BLUE.a
LOAD /Users/myu210/Desktop/MWSTAGE/MWSDK/TWENET/current/lib/libTWENETutils_BLUE.a
LOAD /Users/myu210/Desktop/MWSTAGE/MWSDK/TWENET/current/lib/libTWENETstgs_BLUE.a
END GROUP
LOAD /Users/myu210/Desktop/MWSTAGE/Tools/ba-elf-ba2-r36379/bin/../lib/gcc/ba-elf/4.7.4/../../../../ba-elf/lib/libstdc++.a
LOAD /Users/myu210/Desktop/MWSTAGE/Tools/ba-elf-ba2-r36379/bin/../lib/gcc/ba-elf/4.7.4/../../../../ba-elf/lib/libm.a
LOAD /Users/myu210/Desktop/MWSTAGE/Tools/ba-elf-ba2-r36379/bin/../lib/gcc/ba-elf/4.7.4/../../../../ba-elf/lib/libc.a
LOAD /Users/myu210/Desktop/MWSTAGE/Tools/ba-elf-ba2-r36379/bin/../lib/gcc/ba-elf/4.7.4/libgcc.a
LOAD /Users/myu210/Desktop/MWSTAGE/Tools/ba-elf-ba2-r36379/bin/../lib/gcc/ba-elf/4.7.4/../../../../ba-elf/lib/libc.a
                0x0000000000001000                _minimum_heap_size = 0x1000
                0x0000000000000c00                _stack_size = 0xc00
                0x0000000000080038                _exception_vsr_table = 0x80038
                0x0000000004000000                pSPIflashFncTable = 0x4000000
                0x0000000000001000                _minimum_heap_size = 0x1000
                0x0000000000000c00                _stack_size = 0xc00
                0x0000000000000044                restore_state = 0x44
                0x000000000000004a                bZSPIWaitWIPClear = 0x4a
                0x0000000000000050                u16ZSPIflashRDID = 0x50
                0x0000000000000056                u8SelectFlashChipType = 0x56
                0x000000000000005c                memcpy = 0x5c
                0x0000000000000066                vBootFlashProg = 0x66
                [0x0000000000001000]                _minimum_heap_size = DEFINED (_minimum_heap_size)?_minimum_heap_size:0xd16
                0x0000000000000000                _SwConfig = (DEFINED (g_bSWConf_Debug) | (DEFINED (g_bSWConf_AltDebugPort) << 0x1))

.version        0x000000000007fffc        0x4
                0x000000000007fffc        0x4 LONG 0x4030008

.bir            0x0000000000080000       0x10
                0x0000000000080000                _flash_start = ABSOLUTE (.)
                0x0000000000080000                _flash_beg = ABSOLUTE (.)
                0x0000000000080000        0x4 LONG 0x12345678
                0x0000000000080004        0x4 LONG 0x11223344
                0x0000000000080008        0x4 LONG 0x55667788
                0x000000000008000c        0x1 BYTE 0x8
                0x000000000008000d        0x1 BYTE 0x1
                0x000000000008000e        0x2 SHORT 0x0

.flashheader    0x0000000000080010       0x28
                0x0000000000080010        0x4 LONG 0x0
                0x0000000000080014        0x4 LONG 0x0
                0x0000000000080018        0x4 LONG 0x0
                0x000000000008001c        0x2 SHORT 0x0
                0x000000000008001e        0x2 SHORT 0x0 ABSOLUTE (_SwConfig)
                0x0000000000080020                _enc_start = ABSOLUTE (.)
                0x0000000000080020        0x4 LONG 0x10640 ABSOLUTE (_image_len)
                0x0000000000080024        0x4 LONG 0x905fc ABSOLUTE (_flash_data_start)
                0x0000000000080028        0x2 SHORT 0x13 ((ABSOLUTE (_ram_data_start) / 0x4) & 0xffff)
                0x000000000008002a        0x2 SHORT 0x11 ((ABSOLUTE (_ram_data_len) / 0x4) & 0xffff)
                0x000000000008002c        0x2 SHORT 0x24 ((ABSOLUTE (_bss_start) / 0x4) & 0xffff)
                0x000000000008002e        0x2 SHORT 0x595 ((ABSOLUTE (_bss_len) / 0x4) & 0xffff)
                0x0000000000080030        0x4 LONG 0x84092 ABSOLUTE (AppWarmStart)
                0x0000000000080034        0x4 LONG 0x83b8e ABSOLUTE (AppColdStart)
                0x0000000000000000                _enc_offset = (_enc_start & 0xf)
                0x0000000000000044                PROVIDE (vException_BusError, restore_state)
                0x0000000000000044                PROVIDE (vException_UnalignedAccess, restore_state)
                0x0000000000000044                PROVIDE (vException_IllegalInstruction, restore_state)
                0x0000000000000044                PROVIDE (vException_SysCall, restore_state)
                0x0000000000000044                PROVIDE (vException_Trap, restore_state)
                0x0000000000000044                PROVIDE (vException_StackOverflow, restore_state)
                0x0000000000080038                . = ABSOLUTE (_exception_vsr_table)

.vsr_table      0x0000000000080038       0x18
                0x0000000000080038        0x4 LONG 0x44 ABSOLUTE (vException_BusError)
                0x000000000008003c        0x4 LONG 0x44 ABSOLUTE (vException_UnalignedAccess)
                0x0000000000080040        0x4 LONG 0x44 ABSOLUTE (vException_IllegalInstruction)
                0x0000000000080044        0x4 LONG 0x44 ABSOLUTE (vException_SysCall)
                0x0000000000080048        0x4 LONG 0x44 ABSOLUTE (vException_Trap)
                0x000000000008004c        0x4 LONG 0x44 ABSOLUTE (vException_StackOverflow)

.vsr_handlers   0x0000000000080050       0xaa
 *(.vsr_handlers)
 .vsr_handlers  0x0000000000080050       0xaa /Users/myu210/Desktop/MWSTAGE/MWSDK/ChipLib/SW4063V1416/Components/Library/libBoot_JN516x.a(ExceptionHandler.o)
                0x0000000000080050                _exception_external_interrupt
                0x00000000000800f8                _default_vsr_dummy

.rodata         0x0000000000080100      0x600
 *(.rodata*)
 .rodata.str1.1
                0x0000000000080100        0xe objs_BLUE/mwx_debug.o
 .rodata.str1.1
                0x000000000008010e       0x74 objs_BLUE/PingPong.o
 .rodata._ZN3mwx2L1L19_ADC_PIN_TO_AHI_DEFE
                0x0000000000080182        0x5 objs_BLUE/PingPong.o
 .rodata._ZN3mwx2L1L19_ADC_PIN_TO_AHI_DEFE
                0x0000000000080187        0x5 objs_BLUE/mwx_appcore.o
 .rodata._ZN3mwx2L1L19_ADC_PIN_TO_AHI_DEFE
                0x000000000008018c        0x5 objs_BLUE/mwx_periph_analogue.o
 .rodata.str1.1
                0x0000000000080191       0x1f objs_BLUE/mwx_duplicate_checker.o
 .rodata.str1.1
                0x00000000000801b0       0xe0 objs_BLUE/networks/mwx_nwk_simple.o
                                         0xe2 (size before relaxing)
 .rodata.str1.1
                0x0000000000080290       0x11 /Users/myu210/Desktop/MWSTAGE/MWSDK/TWENET/current/lib/libTWENET_BLUE.a(ToCoNet_mod_Tx.o)
 *fill*         0x00000000000802a1        0x3 00
 .rodata.asStateFuncTbl
                0x00000000000802a4       0x38 /Users/myu210/Desktop/MWSTAGE/MWSDK/TWENET/current/lib/libTWENET_BLUE.a(ToCoNet_mod_Tx.o)
 .rodata.au8ToCoNetVersionInfo
                0x00000000000802dc        0xc /Users/myu210/Desktop/MWSTAGE/MWSDK/TWENET/current/lib/libTWENET_BLUE.a(Version.o)
                0x00000000000802dc                au8ToCoNetVersionInfo
 .rodata.str1.1
                0x00000000000802e8       0x11 /Users/myu210/Desktop/MWSTAGE/MWSDK/TWENET/current/lib/libTWENEText_BLUE.a(AppStart.o)
 .rodata        0x00000000000802f9       0x31 /Users/myu210/Desktop/MWSTAGE/MWSDK/TWENET/current/lib/libTWENEText_BLUE.a(AppStart.o)
 *fill*         0x000000000008032a        0x2 00
 .rodata.au8k.5787
                0x000000000008032c       0x20 /Users/myu210/Desktop/MWSTAGE/MWSDK/TWENET/current/lib/libTWENEText_BLUE.a(AppStart.o)
 .rodata.au8k.5768
                0x000000000008034c       0x20 /Users/myu210/Desktop/MWSTAGE/MWSDK/TWENET/current/lib/libTWENEText_BLUE.a(AppStart.o)
 .rodata.str1.1
                0x000000000008036c       0x11 /Users/myu210/Desktop/MWSTAGE/MWSDK/TWENET/current/lib/libTWENEText_BLUE.a(mac.o)
 *fill*         0x000000000008037d        0x3 00
 .rodata.u32MacLow_TOCOS
                0x0000000000080380        0x4 /Users/myu210/Desktop/MWSTAGE/MWSDK/TWENET/current/lib/libTWENEText_BLUE.a(mac.o)
                0x0000000000080380                u32MacLow_TOCOS
 .rodata.u32MacHigh_TOCOS
                0x0000000000080384        0x4 /Users/myu210/Desktop/MWSTAGE/MWSDK/TWENET/current/lib/libTWENEText_BLUE.a(mac.o)
                0x0000000000080384                u32MacHigh_TOCOS
 .rodata.u8CRCTable
                0x0000000000080388      0x100 /Users/myu210/Desktop/MWSTAGE/MWSDK/TWENET/current/lib/libTWENETutils_BLUE.a(ccitt8.o)
 .rodata.str1.1
                0x0000000000080488       0x12 /Users/myu210/Desktop/MWSTAGE/MWSDK/TWENET/current/lib/libTWENETstgs_BLUE.a(printf.o)
 *fill*         0x000000000008049a        0x6 00
 .rodata.pow10.1520
                0x00000000000804a0       0x50 /Users/myu210/Desktop/MWSTAGE/MWSDK/TWENET/current/lib/libTWENETstgs_BLUE.a(printf.o)
 .rodata.s_sPibInit
                0x00000000000804f0       0x18 /Users/myu210/Desktop/MWSTAGE/MWSDK/ChipLib/SW4063V1416/Components/Library/libMAC_JN516x.a(mac_pib_mlme.o)
 .rodata.s_atScanEvtST
                0x0000000000080508       0x31 /Users/myu210/Desktop/MWSTAGE/MWSDK/ChipLib/SW4063V1416/Components/Library/libMAC_JN516x.a(mac_scan.o)
 *fill*         0x0000000000080539        0x3 00
 .rodata.s_aprScanHandleEvt
                0x000000000008053c       0x30 /Users/myu210/Desktop/MWSTAGE/MWSDK/ChipLib/SW4063V1416/Components/Library/libMAC_JN516x.a(mac_scan.o)
 .rodata.aeXcvBbcEvtToScanEvt.5389
                0x000000000008056c        0xa /Users/myu210/Desktop/MWSTAGE/MWSDK/ChipLib/SW4063V1416/Components/Library/libMAC_JN516x.a(mac_scan.o)
 .rodata.aeXcvPhyEvtToScanEvt.5394
                0x0000000000080576        0x6 /Users/myu210/Desktop/MWSTAGE/MWSDK/ChipLib/SW4063V1416/Components/Library/libMAC_JN516x.a(mac_scan.o)
 .rodata.psTamXcvContext
                0x000000000008057c        0x4 /Users/myu210/Desktop/MWSTAGE/MWSDK/ChipLib/SW4063V1416/Components/Library/libMAC_JN516x.a(TAM.o)
                0x000000000008057c                psTamXcvContext
 .rodata.psTamMacContext
                0x0000000000080580        0x4 /Users/myu210/Desktop/MWSTAGE/MWSDK/ChipLib/SW4063V1416/Components/Library/libMAC_JN516x.a(TAM.o)
                0x0000000000080580                psTamMacContext
 .rodata.psTAMcontext
                0x0000000000080584        0x4 /Users/myu210/Desktop/MWSTAGE/MWSDK/ChipLib/SW4063V1416/Components/Library/libMAC_JN516x.a(TAM.o)
                0x0000000000080584                psTAMcontext
 .rodata.au8XcvToTAMevent.5139
                0x0000000000080588        0xa /Users/myu210/Desktop/MWSTAGE/MWSDK/ChipLib/SW4063V1416/Components/Library/libMAC_JN516x.a(TAM.o)
 .rodata        0x0000000000080592        0xe /Users/myu210/Desktop/MWSTAGE/MWSDK/ChipLib/SW4063V1416/Components/Library/libMAC_JN516x.a(TAMcommon.o)
 .rodata.au8StateActions
                0x00000000000805a0       0x8c /Users/myu210/Desktop/MWSTAGE/MWSDK/ChipLib/SW4063V1416/Components/Library/libMAC_JN516x.a(TAMevent.o)
                0x00000000000805a0                au8StateActions
 .rodata.apvActionCalls
                0x000000000008062c       0x88 /Users/myu210/Desktop/MWSTAGE/MWSDK/ChipLib/SW4063V1416/Components/Library/libMAC_JN516x.a(TAMevent.o)
                0x000000000008062c                apvActionCalls
 .rodata.au8MICLenLUT.4346
                0x00000000000806b4        0x4 /Users/myu210/Desktop/MWSTAGE/MWSDK/ChipLib/SW4063V1416/Components/Library/libMAC_JN516x.a(TAMsecurity.o)
 .rodata.CSWTCH.31
                0x00000000000806b8        0x3 /Users/myu210/Desktop/MWSTAGE/MWSDK/ChipLib/SW4063V1416/Components/Library/libMAC_JN516x.a(TAMsecurity.o)
 .rodata.CSWTCH.7
                0x00000000000806bb        0x7 /Users/myu210/Desktop/MWSTAGE/MWSDK/ChipLib/SW4063V1416/Components/Library/libMAC_JN516x.a(TAM_AES.o)
 .rodata.CSWTCH.12
                0x00000000000806c2        0x3 /Users/myu210/Desktop/MWSTAGE/MWSDK/ChipLib/SW4063V1416/Components/Library/libMAC_JN516x.a(TAM_AES.o)
 .rodata.au8dataSizeTable
                0x00000000000806c5        0xd /Users/myu210/Desktop/MWSTAGE/MWSDK/ChipLib/SW4063V1416/Components/Library/libAes_JN516x.a(AEScoprocessorAPI.o)
                0x00000000000806c5                au8dataSizeTable
 .rodata.au8FlashWaitStates32MXO
                0x00000000000806d2        0x8 /Users/myu210/Desktop/MWSTAGE/MWSDK/ChipLib/SW4063V1416/Components/Library/libHardwareApi_JN516x.a(AHI_System.o)
 .rodata.au8FlashWaitStatesHSRCO
                0x00000000000806da        0x8 /Users/myu210/Desktop/MWSTAGE/MWSDK/ChipLib/SW4063V1416/Components/Library/libHardwareApi_JN516x.a(AHI_System.o)
 *fill*         0x00000000000806e2        0x2 00
 .rodata.CSWTCH.35
                0x00000000000806e4       0x14 /Users/myu210/Desktop/MWSTAGE/MWSDK/ChipLib/SW4063V1416/Components/Library/libHardwareApi_JN516x.a(AHI_Timer.o)
 .rodata.au32UartAddrOffset
                0x00000000000806f8        0x8 /Users/myu210/Desktop/MWSTAGE/MWSDK/ChipLib/SW4063V1416/Components/Library/libHardwareApi_JN516x.a(AHI_Uart.o)
                0x00000000000806f8                au32UartAddrOffset

.text           0x0000000000080700     0xfefb
 *(.text*)
 .text.MWX_DebugMsg
                0x0000000000080700       0x43 objs_BLUE/mwx_debug.o
                0x0000000000080700                MWX_DebugMsg
 .text.MWX_Panic
                0x0000000000080743       0x4f objs_BLUE/mwx_debug.o
                0x0000000000080743                MWX_Panic
 .text._ZN3mwx2L112appdefs_crtpINS0_9NwkSimpleEE15_cbTweNet_vMainEPv
                0x0000000000080792        0x3 objs_BLUE/PingPong.o
                0x0000000000080792                mwx::L1::appdefs_crtp<mwx::L1::NwkSimple>::_cbTweNet_vMain(void*)
 .text._ZN3mwx2L112appdefs_crtpINS0_9NwkSimpleEE19_cbTweNet_vNwkEventEPvRNS0_13packet_ev_nwkE
                0x0000000000080795       0x11 objs_BLUE/PingPong.o
                0x0000000000080795                mwx::L1::appdefs_crtp<mwx::L1::NwkSimple>::_cbTweNet_vNwkEvent(void*, mwx::L1::packet_ev_nwk&)
 .text._ZN3mwx2L112appdefs_crtpINS0_9NwkSimpleEE18_cbTweNet_vTxEventEPvRNS0_12packet_ev_txE
                0x00000000000807a6       0x1a objs_BLUE/PingPong.o
                0x00000000000807a6                mwx::L1::appdefs_crtp<mwx::L1::NwkSimple>::_cbTweNet_vTxEvent(void*, mwx::L1::packet_ev_tx&)
 .text._ZN3mwx2L114processev_crtpINS0_9NwkSimpleEE14vProcessEvCoreEP8_tsEvent7teEventm
                0x00000000000807c0       0x16 objs_BLUE/PingPong.o
                0x00000000000807c0                mwx::L1::processev_crtp<mwx::L1::NwkSimple>::vProcessEvCore(_tsEvent*, teEvent, unsigned long)
 .text._ZN3mwx2L112appdefs_crtpINS0_9NwkSimpleEE9_on_eventEPvmRm
                0x00000000000807d6       0x18 objs_BLUE/PingPong.o
                0x00000000000807d6                mwx::L1::appdefs_crtp<mwx::L1::NwkSimple>::_on_event(void*, unsigned long, unsigned long&)
 .text._ZN3mwx2L112appdefs_crtpINS0_9NwkSimpleEE18_cbTweNet_vRxEventEPvRNS0_9packet_rxE
                0x00000000000807ee        0x9 objs_BLUE/PingPong.o
                0x00000000000807ee                mwx::L1::appdefs_crtp<mwx::L1::NwkSimple>::_cbTweNet_vRxEvent(void*, mwx::L1::packet_rx&)
 .text._ZN3mwx2L112appdefs_crtpINS0_9NwkSimpleEE18_cbTweNet_vHwEventEPvmm
                0x00000000000807f7        0x9 objs_BLUE/PingPong.o
                0x00000000000807f7                mwx::L1::appdefs_crtp<mwx::L1::NwkSimple>::_cbTweNet_vHwEvent(void*, unsigned long, unsigned long)
 .text._ZN3mwx2L112appdefs_crtpINS0_9NwkSimpleEE17_cbTweNet_u8HwIntEPvmm
                0x0000000000080800        0x9 objs_BLUE/PingPong.o
                0x0000000000080800                mwx::L1::appdefs_crtp<mwx::L1::NwkSimple>::_cbTweNet_u8HwInt(void*, unsigned long, unsigned long)
 .text._ZN3mwx2L115periph_analogue5setupEbhPFvvE
                0x0000000000080809       0x5f objs_BLUE/PingPong.o
                0x0000000000080809                mwx::L1::periph_analogue::setup(bool, unsigned char, void (*)())
 .text._ZN3mwx2L115periph_analogue5beginEv
                0x0000000000080868       0x94 objs_BLUE/PingPong.o
                0x0000000000080868                mwx::L1::periph_analogue::begin()
 .text._Z5setupv
                0x00000000000808fc      0x1ee objs_BLUE/PingPong.o
                0x00000000000808fc                setup()
 .text._ZN3mwx2L113_expand_bytesIIRtRmEEEiPKhS5_S2_DpOT_
                0x0000000000080aea       0x68 objs_BLUE/PingPong.o
                0x0000000000080aea                _ZN3mwx2L113_expand_bytesIJRtRmEEEiPKhS5_S2_DpOT_
                0x0000000000080aea                int mwx::L1::_expand_bytes<unsigned short&, unsigned long&>(unsigned char const*, unsigned char const*, unsigned short&, unsigned short&, unsigned long&)
 .text._Z4loopv
                0x0000000000080b52       0xcb objs_BLUE/PingPong.o
                0x0000000000080b52                loop()
 .text._ZN3mwx2L110serial_jenC2Eh
                0x0000000000080c1d       0x2e objs_BLUE/mwx_appcore.o
                0x0000000000080c1d                mwx::L1::serial_jen::serial_jen(unsigned char)
                0x0000000000080c1d                mwx::L1::serial_jen::serial_jen(unsigned char)
 .text._ZN3mwx2L110serial_jen6_beginEv
                0x0000000000080c4b       0x5a objs_BLUE/mwx_appcore.o
                0x0000000000080c4b                mwx::L1::serial_jen::_begin()
 .text._ZN3mwx2L110serial_jen10_on_wakeupEv.part.16
                0x0000000000080ca5       0x53 objs_BLUE/mwx_appcore.o
 .text._ZN3mwx2L112appdefs_virt5setupEv
                0x0000000000080cf8       0x1b objs_BLUE/mwx_appcore.o
                0x0000000000080cf8                mwx::L1::appdefs_virt::setup()
 .text._ZN3mwx2L112appdefs_virt19cbToCoNet_vNwkEventERNS0_13packet_ev_nwkE
                0x0000000000080d13       0x12 objs_BLUE/mwx_appcore.o
                0x0000000000080d13                mwx::L1::appdefs_virt::cbToCoNet_vNwkEvent(mwx::L1::packet_ev_nwk&)
 .text._ZN3mwx2L112appdefs_virt18cbToCoNet_vRxEventERNS0_9packet_rxE
                0x0000000000080d25       0x12 objs_BLUE/mwx_appcore.o
                0x0000000000080d25                mwx::L1::appdefs_virt::cbToCoNet_vRxEvent(mwx::L1::packet_rx&)
 .text._ZN3mwx2L112appdefs_virt18cbToCoNet_vTxEventERNS0_12packet_ev_txE
                0x0000000000080d37       0x12 objs_BLUE/mwx_appcore.o
                0x0000000000080d37                mwx::L1::appdefs_virt::cbToCoNet_vTxEvent(mwx::L1::packet_ev_tx&)
 .text._ZN3mwx2L112appdefs_virt8on_eventEmRm
                0x0000000000080d49       0x12 objs_BLUE/mwx_appcore.o
                0x0000000000080d49                mwx::L1::appdefs_virt::on_event(unsigned long, unsigned long&)
 .text._ZN3mwx2L112periph_timer10_on_wakeupEv
                0x0000000000080d5b       0x3e objs_BLUE/mwx_appcore.o
                0x0000000000080d5b                mwx::L1::periph_timer::_on_wakeup()
 .text._ZN3mwx2L115periph_analogueC2Ev
                0x0000000000080d99       0x2b objs_BLUE/mwx_appcore.o
                0x0000000000080d99                mwx::L1::periph_analogue::periph_analogue()
                0x0000000000080d99                mwx::L1::periph_analogue::periph_analogue()
 .text._ZN3mwx2L115periph_analogue10_adc_startEv
                0x0000000000080dc4       0x56 objs_BLUE/mwx_appcore.o
                0x0000000000080dc4                mwx::L1::periph_analogue::_adc_start()
 .text._ZN3mwx2L122twenet_rx_packet_queue5_pushERNS0_9packet_rxE
                0x0000000000080e1a       0x96 objs_BLUE/mwx_appcore.o
                0x0000000000080e1a                mwx::L1::twenet_rx_packet_queue::_push(mwx::L1::packet_rx&)
 .text._Z13init_coldbootv
                0x0000000000080eb0        0x3 objs_BLUE/mwx_appcore.o
                0x0000000000080eb0                init_coldboot()
 .text._Z13init_warmbootv
                0x0000000000080eb3        0x3 objs_BLUE/mwx_appcore.o
                0x0000000000080eb3                init_warmboot()
 .text._Z6wakeupv
                0x0000000000080eb6        0x3 objs_BLUE/mwx_appcore.o
                0x0000000000080eb6                wakeup()
 .text._Z5beginv
                0x0000000000080eb9        0x3 objs_BLUE/mwx_appcore.o
                0x0000000000080eb9                begin()
 .text.cbToCoNet_vMain
                0x0000000000080ebc       0x9a objs_BLUE/mwx_appcore.o
                0x0000000000080ebc                cbToCoNet_vMain
 .text.cbToCoNet_vNwkEvent
                0x0000000000080f56       0x74 objs_BLUE/mwx_appcore.o
                0x0000000000080f56                cbToCoNet_vNwkEvent
 .text.cbToCoNet_vRxEvent
                0x0000000000080fca       0x89 objs_BLUE/mwx_appcore.o
                0x0000000000080fca                cbToCoNet_vRxEvent
 .text.cbToCoNet_vTxEvent
                0x0000000000081053       0xe5 objs_BLUE/mwx_appcore.o
                0x0000000000081053                cbToCoNet_vTxEvent
 *fill*         0x0000000000081138        0x0 00
 .text.cbToCoNet_vHwEvent
                0x0000000000081138      0x164 objs_BLUE/mwx_appcore.o
                0x0000000000081138                cbToCoNet_vHwEvent
 .text.cbToCoNet_u8HwInt
                0x000000000008129c       0x91 objs_BLUE/mwx_appcore.o
                0x000000000008129c                cbToCoNet_u8HwInt
 .text._Z16_MWX_periph_initv
                0x000000000008132d       0xb8 objs_BLUE/mwx_appcore.o
                0x000000000008132d                _MWX_periph_init()
 .text._Z14_MWX_vOnWakeupv
                0x00000000000813e5      0x1b6 objs_BLUE/mwx_appcore.o
                0x00000000000813e5                _MWX_vOnWakeup()
 .text.cbAppWarmStart
                0x000000000008159b       0xa6 objs_BLUE/mwx_appcore.o
                0x000000000008159b                cbAppWarmStart
 .text._ZN3mwx2L113serial_parserINS0_10alloc_heapIhEEEC2Ev
                0x0000000000081641       0x22 objs_BLUE/mwx_appcore.o
                0x0000000000081641                mwx::L1::serial_parser<mwx::L1::alloc_heap<unsigned char> >::serial_parser()
                0x0000000000081641                mwx::L1::serial_parser<mwx::L1::alloc_heap<unsigned char> >::serial_parser()
 .text._ZN3mwx2L114periph_twowireILi32EEC2Ev
                0x0000000000081663       0x23 objs_BLUE/mwx_appcore.o
                0x0000000000081663                mwx::L1::periph_twowire<32>::periph_twowire()
                0x0000000000081663                mwx::L1::periph_twowire<32>::periph_twowire()
 .text._ZN3mwx2L111alloc_localISt4pairINS0_9packet_rxE11tsRxDataAppELi2EEC2Ev
                0x0000000000081686       0x47 objs_BLUE/mwx_appcore.o
                0x0000000000081686                mwx::L1::alloc_local<std::pair<mwx::L1::packet_rx, tsRxDataApp>, 2>::alloc_local()
                0x0000000000081686                mwx::L1::alloc_local<std::pair<mwx::L1::packet_rx, tsRxDataApp>, 2>::alloc_local()
 .text._ZN3mwx2L16twenetC2Ev
                0x00000000000816cd       0x62 objs_BLUE/mwx_appcore.o
                0x00000000000816cd                mwx::L1::twenet::twenet()
                0x00000000000816cd                mwx::L1::twenet::twenet()
 .text.cbAppColdStart
                0x000000000008172f      0x199 objs_BLUE/mwx_appcore.o
                0x000000000008172f                cbAppColdStart
 .text._Znwm    0x00000000000818c8       0x25 objs_BLUE/mwx_memory.o
                0x00000000000818c8                operator new(unsigned long)
 .text._Znam    0x00000000000818ed        0x2 objs_BLUE/mwx_memory.o
                0x00000000000818ed                operator new[](unsigned long)
 .text._ZN3mwx2L114periph_buttons5beginEmht
                0x00000000000818ef       0x70 objs_BLUE/mwx_periph_buttons.o
                0x00000000000818ef                mwx::L1::periph_buttons::begin(unsigned long, unsigned char, unsigned short)
 .text._ZN3mwx2L114periph_buttons6_checkEv
                0x000000000008195f       0xf8 objs_BLUE/mwx_periph_buttons.o
                0x000000000008195f                mwx::L1::periph_buttons::_check()
 .text._ZN3mwx2L115periph_analogue11ADC_handlerEmm
                0x0000000000081a57       0x9b objs_BLUE/mwx_periph_analogue.o
                0x0000000000081a57                mwx::L1::periph_analogue::ADC_handler(unsigned long, unsigned long)
 .text._ZN3mwx2L117duplciate_checker14_node_ele_initEPNS1_9_node_eleE
                0x0000000000081af2       0x1f objs_BLUE/mwx_duplicate_checker.o
                0x0000000000081af2                mwx::L1::duplciate_checker::_node_ele_init(mwx::L1::duplciate_checker::_node_ele*)
 .text._ZN3mwx2L117duplciate_checker5beginEv
                0x0000000000081b11       0xab objs_BLUE/mwx_duplicate_checker.o
                0x0000000000081b11                mwx::L1::duplciate_checker::begin()
 .text._ZN3mwx2L117duplciate_checker15_node_ele_cleanEPNS1_9_node_eleE
                0x0000000000081bbc       0x52 objs_BLUE/mwx_duplicate_checker.o
                0x0000000000081bbc                mwx::L1::duplciate_checker::_node_ele_clean(mwx::L1::duplciate_checker::_node_ele*)
 .text._ZN3mwx2L117duplciate_checker5cleanEv
                0x0000000000081c0e       0x51 objs_BLUE/mwx_duplicate_checker.o
                0x0000000000081c0e                mwx::L1::duplciate_checker::clean()
 .text._ZN3mwx2L117duplciate_checker13_node_ele_addEPNS1_9_node_eleEh
                0x0000000000081c5f       0x38 objs_BLUE/mwx_duplicate_checker.o
                0x0000000000081c5f                mwx::L1::duplciate_checker::_node_ele_add(mwx::L1::duplciate_checker::_node_ele*, unsigned char)
 .text._ZN3mwx2L117duplciate_checker3addEmh
                0x0000000000081c97      0x1eb objs_BLUE/mwx_duplicate_checker.o
                0x0000000000081c97                mwx::L1::duplciate_checker::add(unsigned long, unsigned char)
 .text._ZN3mwx2L110twenet_mac8transmitERNS0_9packet_txE
                0x0000000000081e82       0x9d objs_BLUE/networks/mwx_nwk_simple.o
                0x0000000000081e82                mwx::L1::twenet_mac::transmit(mwx::L1::packet_tx&)
 .text._ZN3mwx2L19NwkSimple9on_createERm
                0x0000000000081f1f       0x4d objs_BLUE/networks/mwx_nwk_simple.o
                0x0000000000081f1f                mwx::L1::NwkSimple::on_create(unsigned long&)
 .text._ZN3mwx2L19NwkSimple8on_beginERm
                0x0000000000081f6c       0x3e objs_BLUE/networks/mwx_nwk_simple.o
                0x0000000000081f6c                mwx::L1::NwkSimple::on_begin(unsigned long&)
 .text._ZN3mwx2L19NwkSimple13state_handlerILi0EEEvmm
                0x0000000000081faa       0x20 objs_BLUE/networks/mwx_nwk_simple.o
                0x0000000000081faa                void mwx::L1::NwkSimple::state_handler<0>(unsigned long, unsigned long)
 .text._ZN3mwx2L19NwkSimple16cbTweNet_u8HwIntEmm
                0x0000000000081fca        0x5 objs_BLUE/networks/mwx_nwk_simple.o
                0x0000000000081fca                mwx::L1::NwkSimple::cbTweNet_u8HwInt(unsigned long, unsigned long)
 .text._ZN3mwx2L19NwkSimple17cbTweNet_vHwEventEmm
                0x0000000000081fcf        0x3 objs_BLUE/networks/mwx_nwk_simple.o
                0x0000000000081fcf                mwx::L1::NwkSimple::cbTweNet_vHwEvent(unsigned long, unsigned long)
 .text._ZN3mwx2L19NwkSimple19processStateMachineEP8_tsEvent7teEventm
                0x0000000000081fd2       0x11 objs_BLUE/networks/mwx_nwk_simple.o
                0x0000000000081fd2                mwx::L1::NwkSimple::processStateMachine(_tsEvent*, teEvent, unsigned long)
 .text._ZN3mwx2L113_expand_bytesIIRmRhEEEiPKhS5_S2_DpOT_
                0x0000000000081fe3       0x71 objs_BLUE/networks/mwx_nwk_simple.o
                0x0000000000081fe3                _ZN3mwx2L113_expand_bytesIJRmRhEEEiPKhS5_S2_DpOT_
                0x0000000000081fe3                int mwx::L1::_expand_bytes<unsigned long&, unsigned char&>(unsigned char const*, unsigned char const*, unsigned long&, unsigned long&, unsigned char&)
 .text._ZN3mwx2L19NwkSimple7receiveERNS0_9packet_rxE
                0x0000000000082054      0x28e objs_BLUE/networks/mwx_nwk_simple.o
                0x0000000000082054                mwx::L1::NwkSimple::receive(mwx::L1::packet_rx&)
 .text.PRSEV_vProcessEv_core
                0x00000000000822e2       0xa2 /Users/myu210/Desktop/MWSTAGE/MWSDK/TWENET/current/lib/libTWENET_BLUE.a(ToCoNet_event.o)
 .text.PRSEV_vInit
                0x0000000000082384       0x4a /Users/myu210/Desktop/MWSTAGE/MWSDK/TWENET/current/lib/libTWENET_BLUE.a(ToCoNet_event.o)
                0x0000000000082384                PRSEV_vInit
 .text.PRSEV_u8Register
                0x00000000000823ce       0x3e /Users/myu210/Desktop/MWSTAGE/MWSDK/TWENET/current/lib/libTWENET_BLUE.a(ToCoNet_event.o)
                0x00000000000823ce                PRSEV_u8Register
 .text.PRSEV_u8RegisterEx
                0x000000000008240c       0x3e /Users/myu210/Desktop/MWSTAGE/MWSDK/TWENET/current/lib/libTWENET_BLUE.a(ToCoNet_event.o)
                0x000000000008240c                PRSEV_u8RegisterEx
 .text.PRSEV_peGetContextH
                0x000000000008244a       0x1c /Users/myu210/Desktop/MWSTAGE/MWSDK/TWENET/current/lib/libTWENET_BLUE.a(ToCoNet_event.o)
                0x000000000008244a                PRSEV_peGetContextH
 .text.PRSEV_vSetStateAll
                0x0000000000082466       0x3b /Users/myu210/Desktop/MWSTAGE/MWSDK/TWENET/current/lib/libTWENET_BLUE.a(ToCoNet_event.o)
                0x0000000000082466                PRSEV_vSetStateAll
 .text.PRSEV_vSetState
                0x00000000000824a1       0x10 /Users/myu210/Desktop/MWSTAGE/MWSDK/TWENET/current/lib/libTWENET_BLUE.a(ToCoNet_event.o)
                0x00000000000824a1                PRSEV_vSetState
 .text.PRSEV_vProcessEvPost
                0x00000000000824b1       0x32 /Users/myu210/Desktop/MWSTAGE/MWSDK/TWENET/current/lib/libTWENET_BLUE.a(ToCoNet_event.o)
                0x00000000000824b1                PRSEV_vProcessEvPost
 .text._PRSEV_vProcessEv
                0x00000000000824e3        0xf /Users/myu210/Desktop/MWSTAGE/MWSDK/TWENET/current/lib/libTWENET_BLUE.a(ToCoNet_event.o)
                0x00000000000824e3                _PRSEV_vProcessEv
 .text._PRSEV_vProcessEvSingle
                0x00000000000824f2        0xd /Users/myu210/Desktop/MWSTAGE/MWSDK/TWENET/current/lib/libTWENET_BLUE.a(ToCoNet_event.o)
                0x00000000000824f2                _PRSEV_vProcessEvSingle
 .text._PRSEV_vProcessEvSingleH
                0x00000000000824ff        0xf /Users/myu210/Desktop/MWSTAGE/MWSDK/TWENET/current/lib/libTWENET_BLUE.a(ToCoNet_event.o)
                0x00000000000824ff                _PRSEV_vProcessEvSingleH
 .text.PRSEV_bPostEvent
                0x000000000008250e       0x24 /Users/myu210/Desktop/MWSTAGE/MWSDK/TWENET/current/lib/libTWENET_BLUE.a(ToCoNet_event.o)
                0x000000000008250e                PRSEV_bPostEvent
 .text.ToCoNet_Event_StateExec
                0x0000000000082532       0x34 /Users/myu210/Desktop/MWSTAGE/MWSDK/TWENET/current/lib/libTWENET_BLUE.a(ToCoNet_event.o)
                0x0000000000082532                ToCoNet_Event_StateExec
 .text.vProcessIncomingHwEvent
                0x0000000000082566       0xc5 /Users/myu210/Desktop/MWSTAGE/MWSDK/TWENET/current/lib/libTWENET_BLUE.a(ToCoNet_main.o)
 .text.u8HwEventHandler
                0x000000000008262b       0x1d /Users/myu210/Desktop/MWSTAGE/MWSDK/TWENET/current/lib/libTWENET_BLUE.a(ToCoNet_main.o)
 .text.vProcessEvCoreMac
                0x0000000000082648       0x67 /Users/myu210/Desktop/MWSTAGE/MWSDK/TWENET/current/lib/libTWENET_BLUE.a(ToCoNet_main.o)
                0x0000000000082648                vProcessEvCoreMac
 .text.ToCoNet_vDebugInit
                0x00000000000826af        0x9 /Users/myu210/Desktop/MWSTAGE/MWSDK/TWENET/current/lib/libTWENET_BLUE.a(ToCoNet_main.o)
                0x00000000000826af                ToCoNet_vDebugInit
 .text.ToCoNet_vDebugLevel
                0x00000000000826b8        0x9 /Users/myu210/Desktop/MWSTAGE/MWSDK/TWENET/current/lib/libTWENET_BLUE.a(ToCoNet_main.o)
                0x00000000000826b8                ToCoNet_vDebugLevel
 .text.ToCoNet_vInit
                0x00000000000826c1      0x131 /Users/myu210/Desktop/MWSTAGE/MWSDK/TWENET/current/lib/libTWENET_BLUE.a(ToCoNet_main.o)
                0x00000000000826c1                ToCoNet_vInit
 .text.ToCoNet_vStart
                0x00000000000827f2      0x3c4 /Users/myu210/Desktop/MWSTAGE/MWSDK/TWENET/current/lib/libTWENET_BLUE.a(ToCoNet_main.o)
                0x00000000000827f2                ToCoNet_vStart
 .text.ToCoNet_vMacStart
                0x0000000000082bb6        0xe /Users/myu210/Desktop/MWSTAGE/MWSDK/TWENET/current/lib/libTWENET_BLUE.a(ToCoNet_main.o)
                0x0000000000082bb6                ToCoNet_vMacStart
 .text.ToCoNet_vMain
                0x0000000000082bc4      0x21a /Users/myu210/Desktop/MWSTAGE/MWSDK/TWENET/current/lib/libTWENET_BLUE.a(ToCoNet_main.o)
                0x0000000000082bc4                ToCoNet_vMain
 .text.ToCoNet_vRfConfig
                0x0000000000082dde        0x3 /Users/myu210/Desktop/MWSTAGE/MWSDK/TWENET/current/lib/libTWENET_BLUE.a(ToCoNet_main.o)
                0x0000000000082dde                ToCoNet_vRfConfig
 .text.ToCoNet_bMaxTxQueueAvailable
                0x0000000000082de1       0x14 /Users/myu210/Desktop/MWSTAGE/MWSDK/TWENET/current/lib/libTWENET_BLUE.a(ToCoNet_main.o)
                0x0000000000082de1                ToCoNet_bMaxTxQueueAvailable
 .text.ToCoNet_bMacTxReq
                0x0000000000082df5      0x120 /Users/myu210/Desktop/MWSTAGE/MWSDK/TWENET/current/lib/libTWENET_BLUE.a(ToCoNet_main.o)
                0x0000000000082df5                ToCoNet_bMacTxReq
 .text._ToCoNet_bRaisePanic
                0x0000000000082f15       0x31 /Users/myu210/Desktop/MWSTAGE/MWSDK/TWENET/current/lib/libTWENET_BLUE.a(ToCoNet_main.o)
                0x0000000000082f15                _ToCoNet_bRaisePanic
 .text.ToCoNet_u32GetVersion
                0x0000000000082f46       0x21 /Users/myu210/Desktop/MWSTAGE/MWSDK/TWENET/current/lib/libTWENET_BLUE.a(ToCoNet_utils.o)
                0x0000000000082f46                ToCoNet_u32GetVersion
 .text.ToCoNet_u16GetPanId
                0x0000000000082f67        0x9 /Users/myu210/Desktop/MWSTAGE/MWSDK/TWENET/current/lib/libTWENET_BLUE.a(ToCoNet_utils.o)
                0x0000000000082f67                ToCoNet_u16GetPanId
 .text.ToCoNet_u32GetSerial
                0x0000000000082f70        0x9 /Users/myu210/Desktop/MWSTAGE/MWSDK/TWENET/current/lib/libTWENET_BLUE.a(ToCoNet_utils.o)
                0x0000000000082f70                ToCoNet_u32GetSerial
 .text.ToCoNet_u32GetRand
                0x0000000000082f79       0x62 /Users/myu210/Desktop/MWSTAGE/MWSDK/TWENET/current/lib/libTWENET_BLUE.a(ToCoNet_utils.o)
                0x0000000000082f79                ToCoNet_u32GetRand
 .text.vProcessEvCoreTx
                0x0000000000082fdb       0x6a /Users/myu210/Desktop/MWSTAGE/MWSDK/TWENET/current/lib/libTWENET_BLUE.a(ToCoNet_mod_Tx.o)
 .text.vHnd_E_STATE_FINISH_TX_FAIL
                0x0000000000083045       0xb6 /Users/myu210/Desktop/MWSTAGE/MWSDK/TWENET/current/lib/libTWENET_BLUE.a(ToCoNet_mod_Tx.o)
 .text.vHnd_E_STATE_FINISH_TX_SUCCESS
                0x00000000000830fb       0x92 /Users/myu210/Desktop/MWSTAGE/MWSDK/TWENET/current/lib/libTWENET_BLUE.a(ToCoNet_mod_Tx.o)
 .text.vHnd_E_STATE_PREPARE_TX
                0x000000000008318d      0x131 /Users/myu210/Desktop/MWSTAGE/MWSDK/TWENET/current/lib/libTWENET_BLUE.a(ToCoNet_mod_Tx.o)
 .text.vHnd_E_STATE_IDLE
                0x00000000000832be       0x4f /Users/myu210/Desktop/MWSTAGE/MWSDK/TWENET/current/lib/libTWENET_BLUE.a(ToCoNet_mod_Tx.o)
 .text.vHnd_E_STATE_WAIT_TX
                0x000000000008330d       0x71 /Users/myu210/Desktop/MWSTAGE/MWSDK/TWENET/current/lib/libTWENET_BLUE.a(ToCoNet_mod_Tx.o)
 .text.vHnd_E_STATE_RUNNING
                0x000000000008337e      0x201 /Users/myu210/Desktop/MWSTAGE/MWSDK/TWENET/current/lib/libTWENET_BLUE.a(ToCoNet_mod_Tx.o)
 .text.ToCoNet_vReg_mod_Tx_Standard
                0x000000000008357f       0x1d /Users/myu210/Desktop/MWSTAGE/MWSDK/TWENET/current/lib/libTWENET_BLUE.a(ToCoNet_mod_Tx.o)
                0x000000000008357f                ToCoNet_vReg_mod_Tx_Standard
 .text.ToCoNet_Tx_vProcessQueue
                0x000000000008359c       0x22 /Users/myu210/Desktop/MWSTAGE/MWSDK/TWENET/current/lib/libTWENET_BLUE.a(ToCoNet_mod_Tx.o)
                0x000000000008359c                ToCoNet_Tx_vProcessQueue
 .text.ToCoNet_vReg_mod_TxRxQueueSmall
                0x00000000000835be       0x81 /Users/myu210/Desktop/MWSTAGE/MWSDK/TWENET/current/lib/libTWENET_BLUE.a(ToCoNet_mod_TxRxQueue.o)
                0x00000000000835be                ToCoNet_vReg_mod_TxRxQueueSmall
 .text.ToCoNet_vRxProc_Mod
                0x000000000008363f       0x41 /Users/myu210/Desktop/MWSTAGE/MWSDK/TWENET/current/lib/libTWENET_BLUE.a(ToCoNet_mod_Nwk_Common.o)
                0x000000000008363f                ToCoNet_vRxProc_Mod
 .text.ToCoNet_vRxProc_App
                0x0000000000083680       0x8c /Users/myu210/Desktop/MWSTAGE/MWSDK/TWENET/current/lib/libTWENET_BLUE.a(ToCoNet_mod_Nwk_Common.o)
                0x0000000000083680                ToCoNet_vRxProc_App
 .text.ToCoNet_ChMgr_bCh_OnTx
                0x000000000008370c       0x69 /Users/myu210/Desktop/MWSTAGE/MWSDK/TWENET/current/lib/libTWENET_BLUE.a(ToCoNet_mod_Channel_Mgr.o)
                0x000000000008370c                ToCoNet_ChMgr_bCh_OnTx
 .text.ToCoNet_ChMgr_bCh_Reconfig
                0x0000000000083775       0x69 /Users/myu210/Desktop/MWSTAGE/MWSDK/TWENET/current/lib/libTWENET_BLUE.a(ToCoNet_mod_Channel_Mgr.o)
                0x0000000000083775                ToCoNet_ChMgr_bCh_Reconfig
 .text.ToCoNet_ChMgr_vCh_TxFin
                0x00000000000837de       0x2c /Users/myu210/Desktop/MWSTAGE/MWSDK/TWENET/current/lib/libTWENET_BLUE.a(ToCoNet_mod_Channel_Mgr.o)
                0x00000000000837de                ToCoNet_ChMgr_vCh_TxFin
 .text.pvFifoPull
                0x000000000008380a       0x27 /Users/myu210/Desktop/MWSTAGE/MWSDK/TWENET/current/lib/libTWENET_BLUE.a(AppQueueApi_ToCoNet.o)
 .text.psAppQApiGetMcpsBuffer
                0x0000000000083831        0x8 /Users/myu210/Desktop/MWSTAGE/MWSDK/TWENET/current/lib/libTWENET_BLUE.a(AppQueueApi_ToCoNet.o)
 .text.psAppQApiGetMlmeBuffer
                0x0000000000083839        0x8 /Users/myu210/Desktop/MWSTAGE/MWSDK/TWENET/current/lib/libTWENET_BLUE.a(AppQueueApi_ToCoNet.o)
 .text.bFifoPush
                0x0000000000083841       0x39 /Users/myu210/Desktop/MWSTAGE/MWSDK/TWENET/current/lib/libTWENET_BLUE.a(AppQueueApi_ToCoNet.o)
 .text.vAppQApiPostMcps
                0x000000000008387a       0x1b /Users/myu210/Desktop/MWSTAGE/MWSDK/TWENET/current/lib/libTWENET_BLUE.a(AppQueueApi_ToCoNet.o)
 .text.vAppQApiPostMlme
                0x0000000000083895       0x1f /Users/myu210/Desktop/MWSTAGE/MWSDK/TWENET/current/lib/libTWENET_BLUE.a(AppQueueApi_ToCoNet.o)
 .text.vAppQApiPostHwIntT
                0x00000000000838b4       0xbd /Users/myu210/Desktop/MWSTAGE/MWSDK/TWENET/current/lib/libTWENET_BLUE.a(AppQueueApi_ToCoNet.o)
 .text.u32AppQApiInitInt_PATCH
                0x0000000000083971        0xa /Users/myu210/Desktop/MWSTAGE/MWSDK/TWENET/current/lib/libTWENET_BLUE.a(AppQueueApi_ToCoNet.o)
                0x0000000000083971                u32AppQApiInitInt_PATCH
 .text.u32AppQApiInitNetwork
                0x000000000008397b       0x1f /Users/myu210/Desktop/MWSTAGE/MWSDK/TWENET/current/lib/libTWENET_BLUE.a(AppQueueApi_ToCoNet.o)
                0x000000000008397b                u32AppQApiInitNetwork
 .text.u32AppQApiInitT
                0x000000000008399a      0x1b8 /Users/myu210/Desktop/MWSTAGE/MWSDK/TWENET/current/lib/libTWENET_BLUE.a(AppQueueApi_ToCoNet.o)
                0x000000000008399a                u32AppQApiInitT
 .text.psAppQApiReadMlmeIndT
                0x0000000000083b52        0x9 /Users/myu210/Desktop/MWSTAGE/MWSDK/TWENET/current/lib/libTWENET_BLUE.a(AppQueueApi_ToCoNet.o)
                0x0000000000083b52                psAppQApiReadMlmeIndT
 .text.psAppQApiReadMcpsIndT
                0x0000000000083b5b        0x9 /Users/myu210/Desktop/MWSTAGE/MWSDK/TWENET/current/lib/libTWENET_BLUE.a(AppQueueApi_ToCoNet.o)
                0x0000000000083b5b                psAppQApiReadMcpsIndT
 .text.psAppQApiReadHwIndT
                0x0000000000083b64        0x9 /Users/myu210/Desktop/MWSTAGE/MWSDK/TWENET/current/lib/libTWENET_BLUE.a(AppQueueApi_ToCoNet.o)
                0x0000000000083b64                psAppQApiReadHwIndT
 .text.vAppQApiReturnMlmeIndBufferT
                0x0000000000083b6d        0xb /Users/myu210/Desktop/MWSTAGE/MWSDK/TWENET/current/lib/libTWENET_BLUE.a(AppQueueApi_ToCoNet.o)
                0x0000000000083b6d                vAppQApiReturnMlmeIndBufferT
 .text.vAppQApiReturnMcpsIndBufferT
                0x0000000000083b78        0xb /Users/myu210/Desktop/MWSTAGE/MWSDK/TWENET/current/lib/libTWENET_BLUE.a(AppQueueApi_ToCoNet.o)
                0x0000000000083b78                vAppQApiReturnMcpsIndBufferT
 .text.vAppQApiReturnHwIndBufferT
                0x0000000000083b83        0xb /Users/myu210/Desktop/MWSTAGE/MWSDK/TWENET/current/lib/libTWENET_BLUE.a(AppQueueApi_ToCoNet.o)
                0x0000000000083b83                vAppQApiReturnHwIndBufferT
 .text.AppColdStart
                0x0000000000083b8e      0x4de /Users/myu210/Desktop/MWSTAGE/MWSDK/TWENET/current/lib/libTWENEText_BLUE.a(AppStart.o)
                0x0000000000083b8e                AppColdStart
 .text._ToCoNet_vMacInit
                0x000000000008406c       0x26 /Users/myu210/Desktop/MWSTAGE/MWSDK/TWENET/current/lib/libTWENEText_BLUE.a(AppStart.o)
                0x000000000008406c                _ToCoNet_vMacInit
 .text.AppWarmStart
                0x0000000000084092       0x93 /Users/myu210/Desktop/MWSTAGE/MWSDK/TWENET/current/lib/libTWENEText_BLUE.a(AppStart.o)
                0x0000000000084092                AppWarmStart
 .text._ToCoNet_bRfChChannel
                0x0000000000084125       0x99 /Users/myu210/Desktop/MWSTAGE/MWSDK/TWENET/current/lib/libTWENEText_BLUE.a(AppStart.o)
                0x0000000000084125                _ToCoNet_bRfChChannel
 .text._ToCoNet_vRfConfig
                0x00000000000841be       0xc8 /Users/myu210/Desktop/MWSTAGE/MWSDK/TWENET/current/lib/libTWENEText_BLUE.a(AppStart.o)
                0x00000000000841be                _ToCoNet_vRfConfig
 .text.ToCoNet_u32GetSerialOnBoot
                0x0000000000084286       0x43 /Users/myu210/Desktop/MWSTAGE/MWSDK/TWENET/current/lib/libTWENEText_BLUE.a(getMacAddr.o)
                0x0000000000084286                ToCoNet_u32GetSerialOnBoot
 .text.Mac_vInit
                0x00000000000842c9       0x4c /Users/myu210/Desktop/MWSTAGE/MWSDK/TWENET/current/lib/libTWENEText_BLUE.a(mac.o)
                0x00000000000842c9                Mac_vInit
 .text.Mac_bRxQueueReg
                0x0000000000084315       0x38 /Users/myu210/Desktop/MWSTAGE/MWSDK/TWENET/current/lib/libTWENEText_BLUE.a(mac.o)
                0x0000000000084315                Mac_bRxQueueReg
 .text.bEncodeAES
                0x000000000008434d       0xae /Users/myu210/Desktop/MWSTAGE/MWSDK/TWENET/current/lib/libTWENEText_BLUE.a(mac.o)
                0x000000000008434d                bEncodeAES
 .text.Mac_bTransmit
                0x00000000000843fb      0x21c /Users/myu210/Desktop/MWSTAGE/MWSDK/TWENET/current/lib/libTWENEText_BLUE.a(mac.o)
                0x00000000000843fb                Mac_bTransmit
 .text.bDecodeAES
                0x0000000000084617       0xc9 /Users/myu210/Desktop/MWSTAGE/MWSDK/TWENET/current/lib/libTWENEText_BLUE.a(mac.o)
                0x0000000000084617                bDecodeAES
 .text.Mac_vHandleMcpsDataInd
                0x00000000000846e0      0x2de /Users/myu210/Desktop/MWSTAGE/MWSDK/TWENET/current/lib/libTWENEText_BLUE.a(mac.o)
                0x00000000000846e0                Mac_vHandleMcpsDataInd
 .text.Mac_vReset
                0x00000000000849be       0x1d /Users/myu210/Desktop/MWSTAGE/MWSDK/TWENET/current/lib/libTWENEText_BLUE.a(mac.o)
                0x00000000000849be                Mac_vReset
 .text.Mac_vSetRetry
                0x00000000000849db       0x18 /Users/myu210/Desktop/MWSTAGE/MWSDK/TWENET/current/lib/libTWENEText_BLUE.a(mac.o)
                0x00000000000849db                Mac_vSetRetry
 .text.Mac_vSetCCA
                0x00000000000849f3       0x29 /Users/myu210/Desktop/MWSTAGE/MWSDK/TWENET/current/lib/libTWENEText_BLUE.a(mac.o)
                0x00000000000849f3                Mac_vSetCCA
 .text.bAES_CCM_DecodeKey
                0x0000000000084a1c       0x8e /Users/myu210/Desktop/MWSTAGE/MWSDK/TWENET/current/lib/libTWENEText_BLUE.a(AES_CCM.o)
                0x0000000000084a1c                bAES_CCM_DecodeKey
 .text.bAES_CCM_EncodeKey
                0x0000000000084aaa       0x7f /Users/myu210/Desktop/MWSTAGE/MWSDK/TWENET/current/lib/libTWENEText_BLUE.a(AES_CCM.o)
                0x0000000000084aaa                bAES_CCM_EncodeKey
 .text.bAES_CCM_KeyReg
                0x0000000000084b29       0x3f /Users/myu210/Desktop/MWSTAGE/MWSDK/TWENET/current/lib/libTWENEText_BLUE.a(AES_CCM.o)
                0x0000000000084b29                bAES_CCM_KeyReg
 .text.bAES_CCM_Encode
                0x0000000000084b68       0x1e /Users/myu210/Desktop/MWSTAGE/MWSDK/TWENET/current/lib/libTWENEText_BLUE.a(AES_CCM.o)
                0x0000000000084b68                bAES_CCM_Encode
 .text.bAES_CCM_Decode
                0x0000000000084b86       0x1e /Users/myu210/Desktop/MWSTAGE/MWSDK/TWENET/current/lib/libTWENEText_BLUE.a(AES_CCM.o)
                0x0000000000084b86                bAES_CCM_Decode
 .text.vHandlerPatch
                0x0000000000084ba4       0x37 /Users/myu210/Desktop/MWSTAGE/MWSDK/TWENET/current/lib/libTWENEText_BLUE.a(no_ack_handler.o)
 .text.vInstallNoAckHandler
                0x0000000000084bdb       0x2a /Users/myu210/Desktop/MWSTAGE/MWSDK/TWENET/current/lib/libTWENEText_BLUE.a(no_ack_handler.o)
                0x0000000000084bdb                vInstallNoAckHandler
 .text.SERIAL_vTxReady
                0x0000000000084c05       0x2d /Users/myu210/Desktop/MWSTAGE/MWSDK/TWENET/current/lib/libTWENETutils_BLUE.a(serial.o)
                0x0000000000084c05                SERIAL_vTxReady
 .text.vRxChar  0x0000000000084c32       0x35 /Users/myu210/Desktop/MWSTAGE/MWSDK/TWENET/current/lib/libTWENETutils_BLUE.a(serial.o)
 .text.SERIAL_vInitEx
                0x0000000000084c67       0x78 /Users/myu210/Desktop/MWSTAGE/MWSDK/TWENET/current/lib/libTWENETutils_BLUE.a(serial.o)
                0x0000000000084c67                SERIAL_vInitEx
 .text.SERIAL_bTxChar
                0x0000000000084cdf       0x7e /Users/myu210/Desktop/MWSTAGE/MWSDK/TWENET/current/lib/libTWENETutils_BLUE.a(serial.o)
                0x0000000000084cdf                SERIAL_bTxChar
 .text.SERIAL_i16RxChar
                0x0000000000084d5d       0x43 /Users/myu210/Desktop/MWSTAGE/MWSDK/TWENET/current/lib/libTWENETutils_BLUE.a(serial.o)
                0x0000000000084d5d                SERIAL_i16RxChar
 .text.SERIAL_bRxQueueEmpty
                0x0000000000084da0        0xf /Users/myu210/Desktop/MWSTAGE/MWSDK/TWENET/current/lib/libTWENETutils_BLUE.a(serial.o)
                0x0000000000084da0                SERIAL_bRxQueueEmpty
 .text.SERIAL_bTxQueueEmpty
                0x0000000000084daf        0xf /Users/myu210/Desktop/MWSTAGE/MWSDK/TWENET/current/lib/libTWENETutils_BLUE.a(serial.o)
                0x0000000000084daf                SERIAL_bTxQueueEmpty
 .text.SERIAL_vFlush
                0x0000000000084dbe       0x3f /Users/myu210/Desktop/MWSTAGE/MWSDK/TWENET/current/lib/libTWENETutils_BLUE.a(serial.o)
                0x0000000000084dbe                SERIAL_vFlush
 .text.UART_vHandleUartInterrupt
                0x0000000000084dfd       0x70 /Users/myu210/Desktop/MWSTAGE/MWSDK/TWENET/current/lib/libTWENETutils_BLUE.a(uart.o)
 .text.UART_vInit
                0x0000000000084e6d      0x1a9 /Users/myu210/Desktop/MWSTAGE/MWSDK/TWENET/current/lib/libTWENETutils_BLUE.a(uart.o)
                0x0000000000084e6d                UART_vInit
 .text.UART_vRtsStopFlow
                0x0000000000085016       0x20 /Users/myu210/Desktop/MWSTAGE/MWSDK/TWENET/current/lib/libTWENETutils_BLUE.a(uart.o)
                0x0000000000085016                UART_vRtsStopFlow
 .text.UART_vRtsStartFlow
                0x0000000000085036       0x20 /Users/myu210/Desktop/MWSTAGE/MWSDK/TWENET/current/lib/libTWENETutils_BLUE.a(uart.o)
                0x0000000000085036                UART_vRtsStartFlow
 .text.UART_vTxChar
                0x0000000000085056        0x4 /Users/myu210/Desktop/MWSTAGE/MWSDK/TWENET/current/lib/libTWENETutils_BLUE.a(uart.o)
                0x0000000000085056                UART_vTxChar
 .text.UART_bTxReady
                0x000000000008505a        0xc /Users/myu210/Desktop/MWSTAGE/MWSDK/TWENET/current/lib/libTWENETutils_BLUE.a(uart.o)
                0x000000000008505a                UART_bTxReady
 .text.UART_vSetTxInterrupt
                0x0000000000085066       0x18 /Users/myu210/Desktop/MWSTAGE/MWSDK/TWENET/current/lib/libTWENETutils_BLUE.a(uart.o)
                0x0000000000085066                UART_vSetTxInterrupt
 .text.QUEUE__vInit
                0x000000000008507e       0x12 /Users/myu210/Desktop/MWSTAGE/MWSDK/TWENET/current/lib/libTWENETutils_BLUE.a(ByteQueue.o)
                0x000000000008507e                QUEUE__vInit
 .text.QUEUE__vAddItem
                0x0000000000085090       0x5f /Users/myu210/Desktop/MWSTAGE/MWSDK/TWENET/current/lib/libTWENETutils_BLUE.a(ByteQueue.o)
                0x0000000000085090                QUEUE__vAddItem
 .text.QUEUE__u8RemoveItem
                0x00000000000850ef       0x5c /Users/myu210/Desktop/MWSTAGE/MWSDK/TWENET/current/lib/libTWENETutils_BLUE.a(ByteQueue.o)
                0x00000000000850ef                QUEUE__u8RemoveItem
 .text.QUEUE__bEmpty
                0x000000000008514b        0xb /Users/myu210/Desktop/MWSTAGE/MWSDK/TWENET/current/lib/libTWENETutils_BLUE.a(ByteQueue.o)
                0x000000000008514b                QUEUE__bEmpty
 .text.QUEUE__bFull
                0x0000000000085156       0x14 /Users/myu210/Desktop/MWSTAGE/MWSDK/TWENET/current/lib/libTWENETutils_BLUE.a(ByteQueue.o)
                0x0000000000085156                QUEUE(bool,  (long __restrict, long))
 .text.QUEUE__vFlush
                0x000000000008516a       0x1f /Users/myu210/Desktop/MWSTAGE/MWSDK/TWENET/current/lib/libTWENETutils_BLUE.a(ByteQueue.o)
                0x000000000008516a                QUEUE__vFlush
 .text.QUEUE__u16Count
                0x0000000000085189        0x6 /Users/myu210/Desktop/MWSTAGE/MWSDK/TWENET/current/lib/libTWENETutils_BLUE.a(ByteQueue.o)
                0x0000000000085189                QUEUE__u16Count
 .text.u8CCITT8
                0x000000000008518f       0x26 /Users/myu210/Desktop/MWSTAGE/MWSDK/TWENET/current/lib/libTWENETutils_BLUE.a(ccitt8.o)
                0x000000000008518f                u8CCITT8
 .text.s_div_by
                0x00000000000851b5       0x31 /Users/myu210/Desktop/MWSTAGE/MWSDK/TWENET/current/lib/libTWENETutils_BLUE.a(utils.o)
                0x00000000000851b5                s_div_by
 *fill*         0x00000000000851e6        0x2 00
 .text.vTimerConfig
                0x00000000000851e8      0x168 /Users/myu210/Desktop/MWSTAGE/MWSDK/TWENET/current/lib/libTWENETutils_BLUE.a(utils.o)
                0x00000000000851e8                vTimerConfig
 .text.vTimerStart
                0x0000000000085350       0x8c /Users/myu210/Desktop/MWSTAGE/MWSDK/TWENET/current/lib/libTWENETutils_BLUE.a(utils.o)
                0x0000000000085350                vTimerStart
 .text.vOutputStream
                0x00000000000853dc        0xc /Users/myu210/Desktop/MWSTAGE/MWSDK/TWENET/current/lib/libTWENETstgs_BLUE.a(tweprintf.o)
 .text.TWE_fprintf
                0x00000000000853e8       0x31 /Users/myu210/Desktop/MWSTAGE/MWSDK/TWENET/current/lib/libTWENETstgs_BLUE.a(tweprintf.o)
                0x00000000000853e8                TWE_fprintf
 .text.TWE_vfprintf
                0x0000000000085419       0x21 /Users/myu210/Desktop/MWSTAGE/MWSDK/TWENET/current/lib/libTWENETstgs_BLUE.a(tweprintf.o)
                0x0000000000085419                TWE_vfprintf
 *fill*         0x000000000008543a        0x2 00
 .text.SerCmdBinary_u8Parse
                0x000000000008543c      0x140 /Users/myu210/Desktop/MWSTAGE/MWSDK/TWENET/current/lib/libTWENETstgs_BLUE.a(twesercmd_binary.o)
 .text.TWESERCMD_Binary_vOutput
                0x000000000008557c       0x71 /Users/myu210/Desktop/MWSTAGE/MWSDK/TWENET/current/lib/libTWENETstgs_BLUE.a(twesercmd_binary.o)
                0x000000000008557c                TWESERCMD_Binary_vOutput
 .text.SerCmdBinary_Output
                0x00000000000855ed        0xc /Users/myu210/Desktop/MWSTAGE/MWSDK/TWENET/current/lib/libTWENETstgs_BLUE.a(twesercmd_binary.o)
 .text.TWESERCMD_Binary_vInit
                0x00000000000855f9       0x2c /Users/myu210/Desktop/MWSTAGE/MWSDK/TWENET/current/lib/libTWENETstgs_BLUE.a(twesercmd_binary.o)
                0x00000000000855f9                TWESERCMD_Binary_vInit
 .text.TWETERM_vFlush
                0x0000000000085625        0x6 /Users/myu210/Desktop/MWSTAGE/MWSDK/TWENET/current/lib/libTWENETstgs_BLUE.a(tweserial_jen.o)
 .text.TWETERM_iPutS
                0x000000000008562b       0x31 /Users/myu210/Desktop/MWSTAGE/MWSDK/TWENET/current/lib/libTWENETstgs_BLUE.a(tweserial_jen.o)
 .text.TWETERM_iPutC
                0x000000000008565c       0x11 /Users/myu210/Desktop/MWSTAGE/MWSDK/TWENET/current/lib/libTWENETstgs_BLUE.a(tweserial_jen.o)
 .text.TWETERM_iGetC
                0x000000000008566d       0x1c /Users/myu210/Desktop/MWSTAGE/MWSDK/TWENET/current/lib/libTWENETstgs_BLUE.a(tweserial_jen.o)
 .text.TWETERM_vInitJen
                0x0000000000085689       0x6e /Users/myu210/Desktop/MWSTAGE/MWSDK/TWENET/current/lib/libTWENETstgs_BLUE.a(tweserial_jen.o)
                0x0000000000085689                TWETERM_vInitJen
 .text._out_null
                0x00000000000856f7        0x3 /Users/myu210/Desktop/MWSTAGE/MWSDK/TWENET/current/lib/libTWENETstgs_BLUE.a(printf.o)
 .text._out_rev
                0x00000000000856fa       0xbc /Users/myu210/Desktop/MWSTAGE/MWSDK/TWENET/current/lib/libTWENETstgs_BLUE.a(printf.o)
 .text._ntoa_format
                0x00000000000857b6      0x1b2 /Users/myu210/Desktop/MWSTAGE/MWSDK/TWENET/current/lib/libTWENETstgs_BLUE.a(printf.o)
 .text._ntoa_long
                0x0000000000085968       0xb6 /Users/myu210/Desktop/MWSTAGE/MWSDK/TWENET/current/lib/libTWENETstgs_BLUE.a(printf.o)
 .text._ntoa_long_long
                0x0000000000085a1e       0xcf /Users/myu210/Desktop/MWSTAGE/MWSDK/TWENET/current/lib/libTWENETstgs_BLUE.a(printf.o)
 .text._out_fct
                0x0000000000085aed       0x15 /Users/myu210/Desktop/MWSTAGE/MWSDK/TWENET/current/lib/libTWENETstgs_BLUE.a(printf.o)
 .text._ftoa    0x0000000000085b02      0x417 /Users/myu210/Desktop/MWSTAGE/MWSDK/TWENET/current/lib/libTWENETstgs_BLUE.a(printf.o)
 .text._etoa    0x0000000000085f19      0x3e6 /Users/myu210/Desktop/MWSTAGE/MWSDK/TWENET/current/lib/libTWENETstgs_BLUE.a(printf.o)
 *fill*         0x00000000000862ff        0x1 00
 .text._vsnprintf
                0x0000000000086300      0x98c /Users/myu210/Desktop/MWSTAGE/MWSDK/TWENET/current/lib/libTWENETstgs_BLUE.a(printf.o)
                0x0000000000086300                _vsnprintf
 .text.fctvprintf
                0x0000000000086c8c       0x1f /Users/myu210/Desktop/MWSTAGE/MWSDK/TWENET/current/lib/libTWENETstgs_BLUE.a(printf.o)
                0x0000000000086c8c                fctvprintf
 .text.pvAppApiDefGetMacHandle
                0x0000000000086cab        0x9 /Users/myu210/Desktop/MWSTAGE/MWSDK/ChipLib/SW4063V1416/Components/Library/libAppApi_JN516x.a(AppApi.o)
                0x0000000000086cab                pvAppApiDefGetMacHandle
 .text.vAppApiDefMlmeRequest
                0x0000000000086cb4       0x2f /Users/myu210/Desktop/MWSTAGE/MWSDK/ChipLib/SW4063V1416/Components/Library/libAppApi_JN516x.a(AppApi.o)
                0x0000000000086cb4                vAppApiDefMlmeRequest
 .text.vAppApiDefMcpsRequest
                0x0000000000086ce3       0x2f /Users/myu210/Desktop/MWSTAGE/MWSDK/ChipLib/SW4063V1416/Components/Library/libAppApi_JN516x.a(AppApi.o)
                0x0000000000086ce3                vAppApiDefMcpsRequest
 .text.eAppApiDefPlmeSet
                0x0000000000086d12       0x2d /Users/myu210/Desktop/MWSTAGE/MWSDK/ChipLib/SW4063V1416/Components/Library/libAppApi_JN516x.a(AppApi.o)
                0x0000000000086d12                eAppApiDefPlmeSet
 .text.eAppApiDefPlmeGet
                0x0000000000086d3f       0x2d /Users/myu210/Desktop/MWSTAGE/MWSDK/ChipLib/SW4063V1416/Components/Library/libAppApi_JN516x.a(AppApi.o)
                0x0000000000086d3f                eAppApiDefPlmeGet
 .text.vAppApiDefPowerUp
                0x0000000000086d6c       0x1d /Users/myu210/Desktop/MWSTAGE/MWSDK/ChipLib/SW4063V1416/Components/Library/libAppApi_JN516x.a(AppApi.o)
                0x0000000000086d6c                vAppApiDefPowerUp
 .text.vAppApiDefStartStack
                0x0000000000086d89       0x51 /Users/myu210/Desktop/MWSTAGE/MWSDK/ChipLib/SW4063V1416/Components/Library/libAppApi_JN516x.a(AppApi.o)
                0x0000000000086d89                vAppApiDefStartStack
 .text.vAppApiDefSetPrbsSeed
                0x0000000000086dda       0x24 /Users/myu210/Desktop/MWSTAGE/MWSDK/ChipLib/SW4063V1416/Components/Library/libAppApi_JN516x.a(AppApi.o)
                0x0000000000086dda                vAppApiDefSetPrbsSeed
 .text.vAppApiDefSetInterrupts
                0x0000000000086dfe       0x34 /Users/myu210/Desktop/MWSTAGE/MWSDK/ChipLib/SW4063V1416/Components/Library/libAppApi_JN516x.a(AppApi.o)
                0x0000000000086dfe                vAppApiDefSetInterrupts
 .text.u32AppApiDefInit
                0x0000000000086e32       0x5a /Users/myu210/Desktop/MWSTAGE/MWSDK/ChipLib/SW4063V1416/Components/Library/libAppApi_JN516x.a(AppApi.o)
                0x0000000000086e32                u32AppApiDefInit
 .text.pvAppApiDefGetMacAddrLocation
                0x0000000000086e8c        0x9 /Users/myu210/Desktop/MWSTAGE/MWSDK/ChipLib/SW4063V1416/Components/Library/libAppApi_JN516x.a(AppApi.o)
                0x0000000000086e8c                pvAppApiDefGetMacAddrLocation
 .text.vAppApiDefSaveMacSettings
                0x0000000000086e95       0x5d /Users/myu210/Desktop/MWSTAGE/MWSDK/ChipLib/SW4063V1416/Components/Library/libAppApi_JN516x.a(AppApiSleep.o)
                0x0000000000086e95                vAppApiDefSaveMacSettings
 .text.vMAC_RestoreSettings
                0x0000000000086ef2       0xbc /Users/myu210/Desktop/MWSTAGE/MWSDK/ChipLib/SW4063V1416/Components/Library/libAppApi_JN516x.a(AppApiSleep.o)
                0x0000000000086ef2                vMAC_RestoreSettings
 .text.vAppApiDefRestoreMacSettings
                0x0000000000086fae       0x1c /Users/myu210/Desktop/MWSTAGE/MWSDK/ChipLib/SW4063V1416/Components/Library/libAppApi_JN516x.a(AppApiSleep.o)
                0x0000000000086fae                vAppApiDefRestoreMacSettings
 .text.vSetTimer0
                0x0000000000086fca        0xf /Users/myu210/Desktop/MWSTAGE/MWSDK/ChipLib/SW4063V1416/Components/Library/libMAC_JN516x.a(mac_main.o)
                0x0000000000086fca                vSetTimer0
 .text.u32GetTimer0
                0x0000000000086fd9        0x7 /Users/myu210/Desktop/MWSTAGE/MWSDK/ChipLib/SW4063V1416/Components/Library/libMAC_JN516x.a(mac_main.o)
                0x0000000000086fd9                u32GetTimer0
 .text.mac_vInitTimer0
                0x0000000000086fe0       0x1d /Users/myu210/Desktop/MWSTAGE/MWSDK/ChipLib/SW4063V1416/Components/Library/libMAC_JN516x.a(mac_main.o)
                0x0000000000086fe0                mac_vInitTimer0
 .text.MAC_pvCtor
                0x0000000000086ffd       0x6d /Users/myu210/Desktop/MWSTAGE/MWSDK/ChipLib/SW4063V1416/Components/Library/libMAC_JN516x.a(mac_main.o)
                0x0000000000086ffd                MAC_pvCtor
 .text.MAC_vXcvBbcEvtHandler
                0x000000000008706a       0x16 /Users/myu210/Desktop/MWSTAGE/MWSDK/ChipLib/SW4063V1416/Components/Library/libMAC_JN516x.a(mac_main.o)
                0x000000000008706a                MAC_vXcvBbcEvtHandler
 .text.MAC_vXcvPhyEvtHandler
                0x0000000000087080        0xd /Users/myu210/Desktop/MWSTAGE/MWSDK/ChipLib/SW4063V1416/Components/Library/libMAC_JN516x.a(mac_main.o)
                0x0000000000087080                MAC_vXcvPhyEvtHandler
 .text.MAC_vHandleMcpsReqRsp
                0x000000000008708d       0x28 /Users/myu210/Desktop/MWSTAGE/MWSDK/ChipLib/SW4063V1416/Components/Library/libMAC_JN516x.a(mac_mcps.o)
                0x000000000008708d                MAC_vHandleMcpsReqRsp
 .text.vHandleTofRequest
                0x00000000000870b5       0x12 /Users/myu210/Desktop/MWSTAGE/MWSDK/ChipLib/SW4063V1416/Components/Library/libMAC_JN516x.a(mac_mlme.o)
 *fill*         0x00000000000870c7        0x1 00
 .text.MAC_vHandleMlmeReqRsp
                0x00000000000870c8       0x8c /Users/myu210/Desktop/MWSTAGE/MWSDK/ChipLib/SW4063V1416/Components/Library/libMAC_JN516x.a(mac_mlme.o)
                0x00000000000870c8                MAC_vHandleMlmeReqRsp
 .text.MAC_psPibGetHandle
                0x0000000000087154        0x7 /Users/myu210/Desktop/MWSTAGE/MWSDK/ChipLib/SW4063V1416/Components/Library/libMAC_JN516x.a(mac_pib.o)
                0x0000000000087154                MAC_psPibGetHandle
 .text.MAC_vPibSetShortAddr
                0x000000000008715b        0xe /Users/myu210/Desktop/MWSTAGE/MWSDK/ChipLib/SW4063V1416/Components/Library/libMAC_JN516x.a(mac_pib.o)
                0x000000000008715b                MAC_vPibSetShortAddr
 .text.MAC_vPibSetPanId
                0x0000000000087169       0x1b /Users/myu210/Desktop/MWSTAGE/MWSDK/ChipLib/SW4063V1416/Components/Library/libMAC_JN516x.a(mac_pib.o)
                0x0000000000087169                MAC_vPibSetPanId
 .text.MAC_vPibSetMinBe
                0x0000000000087184       0x1e /Users/myu210/Desktop/MWSTAGE/MWSDK/ChipLib/SW4063V1416/Components/Library/libMAC_JN516x.a(mac_pib.o)
                0x0000000000087184                MAC_vPibSetMinBe
 .text.MAC_vPibSetMaxCsmaBackoffs
                0x00000000000871a2       0x21 /Users/myu210/Desktop/MWSTAGE/MWSDK/ChipLib/SW4063V1416/Components/Library/libMAC_JN516x.a(mac_pib.o)
                0x00000000000871a2                MAC_vPibSetMaxCsmaBackoffs
 .text.MAC_vPibSetRxOnWhenIdle
                0x00000000000871c3       0x10 /Users/myu210/Desktop/MWSTAGE/MWSDK/ChipLib/SW4063V1416/Components/Library/libMAC_JN516x.a(mac_pib.o)
                0x00000000000871c3                MAC_vPibSetRxOnWhenIdle
 .text.MAC_vPibSetPromiscuousMode
                0x00000000000871d3       0x3e /Users/myu210/Desktop/MWSTAGE/MWSDK/ChipLib/SW4063V1416/Components/Library/libMAC_JN516x.a(mac_pib.o)
                0x00000000000871d3                MAC_vPibSetPromiscuousMode
 .text.MAC_vSetExtAddr
                0x0000000000087211       0x1f /Users/myu210/Desktop/MWSTAGE/MWSDK/ChipLib/SW4063V1416/Components/Library/libMAC_JN516x.a(mac_pib.o)
                0x0000000000087211                MAC_vSetExtAddr
 .text.mac_vPibSetDefaults
                0x0000000000087230      0x11b /Users/myu210/Desktop/MWSTAGE/MWSDK/ChipLib/SW4063V1416/Components/Library/libMAC_JN516x.a(mac_pib_mlme.o)
                0x0000000000087230                mac_vPibSetDefaults
 .text.mac_vPibReset
                0x000000000008734b       0x91 /Users/myu210/Desktop/MWSTAGE/MWSDK/ChipLib/SW4063V1416/Components/Library/libMAC_JN516x.a(mac_pib_mlme.o)
                0x000000000008734b                mac_vPibReset
 .text.mac_vPibCmpCoordExtAddr
                0x00000000000873dc       0x24 /Users/myu210/Desktop/MWSTAGE/MWSDK/ChipLib/SW4063V1416/Components/Library/libMAC_JN516x.a(mac_pib_mlme.o)
                0x00000000000873dc                mac_vPibCmpCoordExtAddr
 .text.bPMICdisassocReqSent
                0x0000000000087400       0x78 /Users/myu210/Desktop/MWSTAGE/MWSDK/ChipLib/SW4063V1416/Components/Library/libMAC_JN516x.a(mac_pmic.o)
 .text.bAssocRespSent
                0x0000000000087478       0x14 /Users/myu210/Desktop/MWSTAGE/MWSDK/ChipLib/SW4063V1416/Components/Library/libMAC_JN516x.a(mac_pmic.o)
 .text.vPMICreset
                0x000000000008748c        0xd /Users/myu210/Desktop/MWSTAGE/MWSDK/ChipLib/SW4063V1416/Components/Library/libMAC_JN516x.a(mac_pmic.o)
                0x000000000008748c                vPMICreset
 .text.vPMICassociateRequest
                0x0000000000087499       0xcf /Users/myu210/Desktop/MWSTAGE/MWSDK/ChipLib/SW4063V1416/Components/Library/libMAC_JN516x.a(mac_pmic.o)
                0x0000000000087499                vPMICassociateRequest
 .text.vPMICassociateResponse
                0x0000000000087568       0xcb /Users/myu210/Desktop/MWSTAGE/MWSDK/ChipLib/SW4063V1416/Components/Library/libMAC_JN516x.a(mac_pmic.o)
                0x0000000000087568                vPMICassociateResponse
 .text.vPMICdisassociateRequest
                0x0000000000087633       0xd1 /Users/myu210/Desktop/MWSTAGE/MWSDK/ChipLib/SW4063V1416/Components/Library/libMAC_JN516x.a(mac_pmic.o)
                0x0000000000087633                vPMICdisassociateRequest
 .text.vPMICassocRespFrameReceived
                0x0000000000087704       0x7d /Users/myu210/Desktop/MWSTAGE/MWSDK/ChipLib/SW4063V1416/Components/Library/libMAC_JN516x.a(mac_pmic.o)
                0x0000000000087704                vPMICassocRespFrameReceived
 .text.vPMICdisassocReceived
                0x0000000000087781       0x84 /Users/myu210/Desktop/MWSTAGE/MWSDK/ChipLib/SW4063V1416/Components/Library/libMAC_JN516x.a(mac_pmic.o)
                0x0000000000087781                vPMICdisassocReceived
 .text.vPMICassocReqFrameReceived
                0x0000000000087805       0x6a /Users/myu210/Desktop/MWSTAGE/MWSDK/ChipLib/SW4063V1416/Components/Library/libMAC_JN516x.a(mac_pmic.o)
                0x0000000000087805                vPMICassocReqFrameReceived
 .text.vPMICpostFailedAssocDcfm
                0x000000000008786f       0x36 /Users/myu210/Desktop/MWSTAGE/MWSDK/ChipLib/SW4063V1416/Components/Library/libMAC_JN516x.a(mac_pmic.o)
                0x000000000008786f                vPMICpostFailedAssocDcfm
 .text.bPMICassocReqSent
                0x00000000000878a5       0x7e /Users/myu210/Desktop/MWSTAGE/MWSDK/ChipLib/SW4063V1416/Components/Library/libMAC_JN516x.a(mac_pmic.o)
 .text.vPMICassocReqTO_1
                0x0000000000087923       0x7e /Users/myu210/Desktop/MWSTAGE/MWSDK/ChipLib/SW4063V1416/Components/Library/libMAC_JN516x.a(mac_pmic.o)
 .text.bPMICassocReqPollSent
                0x00000000000879a1       0x4f /Users/myu210/Desktop/MWSTAGE/MWSDK/ChipLib/SW4063V1416/Components/Library/libMAC_JN516x.a(mac_pmic.o)
 .text.vPMICassocReqTO_2
                0x00000000000879f0       0x19 /Users/myu210/Desktop/MWSTAGE/MWSDK/ChipLib/SW4063V1416/Components/Library/libMAC_JN516x.a(mac_pmic.o)
 .text.MAC_vRegisterMlmeDcfmIndCallbacks
                0x0000000000087a09        0x6 /Users/myu210/Desktop/MWSTAGE/MWSDK/ChipLib/SW4063V1416/Components/Library/libMAC_JN516x.a(mac_ind.o)
                0x0000000000087a09                MAC_vRegisterMlmeDcfmIndCallbacks
 .text.MAC_vRegisterMcpsDcfmIndCallbacks
                0x0000000000087a0f        0x6 /Users/myu210/Desktop/MWSTAGE/MWSDK/ChipLib/SW4063V1416/Components/Library/libMAC_JN516x.a(mac_ind.o)
                0x0000000000087a0f                MAC_vRegisterMcpsDcfmIndCallbacks
 .text.mac_psDcfmIndGetBuf
                0x0000000000087a15       0x21 /Users/myu210/Desktop/MWSTAGE/MWSDK/ChipLib/SW4063V1416/Components/Library/libMAC_JN516x.a(mac_ind.o)
                0x0000000000087a15                mac_psDcfmIndGetBuf
 .text.mac_eDcfmIndPost
                0x0000000000087a36       0x21 /Users/myu210/Desktop/MWSTAGE/MWSDK/ChipLib/SW4063V1416/Components/Library/libMAC_JN516x.a(mac_ind.o)
                0x0000000000087a36                mac_eDcfmIndPost
 .text.eGenlIllegal
                0x0000000000087a57        0x7 /Users/myu210/Desktop/MWSTAGE/MWSDK/ChipLib/SW4063V1416/Components/Library/libMAC_JN516x.a(mac_scan.o)
 .text.eGenlDontCare
                0x0000000000087a5e        0x5 /Users/myu210/Desktop/MWSTAGE/MWSDK/ChipLib/SW4063V1416/Components/Library/libMAC_JN516x.a(mac_scan.o)
 .text.eWEnDEdDone
                0x0000000000087a63       0x5b /Users/myu210/Desktop/MWSTAGE/MWSDK/ChipLib/SW4063V1416/Components/Library/libMAC_JN516x.a(mac_scan.o)
 .text.eWEnDTmrExpiry
                0x0000000000087abe        0xb /Users/myu210/Desktop/MWSTAGE/MWSDK/ChipLib/SW4063V1416/Components/Library/libMAC_JN516x.a(mac_scan.o)
 .text.vPostDcfm
                0x0000000000087ac9       0xd4 /Users/myu210/Desktop/MWSTAGE/MWSDK/ChipLib/SW4063V1416/Components/Library/libMAC_JN516x.a(mac_scan.o)
 .text.eWCoRRxDone
                0x0000000000087b9d       0x97 /Users/myu210/Desktop/MWSTAGE/MWSDK/ChipLib/SW4063V1416/Components/Library/libMAC_JN516x.a(mac_scan.o)
 .text.eGenRxHdrDone
                0x0000000000087c34       0x10 /Users/myu210/Desktop/MWSTAGE/MWSDK/ChipLib/SW4063V1416/Components/Library/libMAC_JN516x.a(mac_scan.o)
 .text.eWONTTxDone
                0x0000000000087c44       0x2e /Users/myu210/Desktop/MWSTAGE/MWSDK/ChipLib/SW4063V1416/Components/Library/libMAC_JN516x.a(mac_scan.o)
 .text.eWBRTTxDone
                0x0000000000087c72       0x1e /Users/myu210/Desktop/MWSTAGE/MWSDK/ChipLib/SW4063V1416/Components/Library/libMAC_JN516x.a(mac_scan.o)
 .text.eWBcnRxDone
                0x0000000000087c90      0x194 /Users/myu210/Desktop/MWSTAGE/MWSDK/ChipLib/SW4063V1416/Components/Library/libMAC_JN516x.a(mac_scan.o)
 .text.eWChCChanChgd
                0x0000000000087e24      0x197 /Users/myu210/Desktop/MWSTAGE/MWSDK/ChipLib/SW4063V1416/Components/Library/libMAC_JN516x.a(mac_scan.o)
 .text.eScanHandleEvt
                0x0000000000087fbb       0x32 /Users/myu210/Desktop/MWSTAGE/MWSDK/ChipLib/SW4063V1416/Components/Library/libMAC_JN516x.a(mac_scan.o)
                0x0000000000087fbb                eScanHandleEvt
 .text.vScanHandleTimer
                0x0000000000087fed        0x4 /Users/myu210/Desktop/MWSTAGE/MWSDK/ChipLib/SW4063V1416/Components/Library/libMAC_JN516x.a(mac_scan.o)
 .text.mac_eScanInit
                0x0000000000087ff1       0x16 /Users/myu210/Desktop/MWSTAGE/MWSDK/ChipLib/SW4063V1416/Components/Library/libMAC_JN516x.a(mac_scan.o)
                0x0000000000087ff1                mac_eScanInit
 .text.mac_eScanHandleXcvBbcEvt
                0x0000000000088007        0xb /Users/myu210/Desktop/MWSTAGE/MWSDK/ChipLib/SW4063V1416/Components/Library/libMAC_JN516x.a(mac_scan.o)
                0x0000000000088007                mac_eScanHandleXcvBbcEvt
 .text.mac_eScanHandleXcvPhyEvt
                0x0000000000088012        0xb /Users/myu210/Desktop/MWSTAGE/MWSDK/ChipLib/SW4063V1416/Components/Library/libMAC_JN516x.a(mac_scan.o)
                0x0000000000088012                mac_eScanHandleXcvPhyEvt
 .text.vSetNextChannel
                0x000000000008801d       0x58 /Users/myu210/Desktop/MWSTAGE/MWSDK/ChipLib/SW4063V1416/Components/Library/libMAC_JN516x.a(mac_scan.o)
 .text.mac_vScanHandleMlmeReq
                0x0000000000088075       0xaa /Users/myu210/Desktop/MWSTAGE/MWSDK/ChipLib/SW4063V1416/Components/Library/libMAC_JN516x.a(mac_scan.o)
                0x0000000000088075                mac_vScanHandleMlmeReq
 .text.eGenTmrExpiry
                0x000000000008811f       0x42 /Users/myu210/Desktop/MWSTAGE/MWSDK/ChipLib/SW4063V1416/Components/Library/libMAC_JN516x.a(mac_scan.o)
 .text.eWEDTEdDone
                0x0000000000088161       0x24 /Users/myu210/Desktop/MWSTAGE/MWSDK/ChipLib/SW4063V1416/Components/Library/libMAC_JN516x.a(mac_scan.o)
 .text.mac_u32LPBGetBeaconTimeout
                0x0000000000088185        0x9 /Users/myu210/Desktop/MWSTAGE/MWSDK/ChipLib/SW4063V1416/Components/Library/libMAC_JN516x.a(mac_lp.o)
                0x0000000000088185                mac_u32LPBGetBeaconTimeout
 .text.mac_vLPBStopTimer
                0x000000000008818e        0xb /Users/myu210/Desktop/MWSTAGE/MWSDK/ChipLib/SW4063V1416/Components/Library/libMAC_JN516x.a(mac_lp.o)
                0x000000000008818e                mac_vLPBStopTimer
 .text.mac_vLPBAdjustBeaconOffset
                0x0000000000088199       0x5d /Users/myu210/Desktop/MWSTAGE/MWSDK/ChipLib/SW4063V1416/Components/Library/libMAC_JN516x.a(mac_lp.o)
                0x0000000000088199                mac_vLPBAdjustBeaconOffset
 .text.mac_vLPBSleep
                0x00000000000881f6       0x4c /Users/myu210/Desktop/MWSTAGE/MWSDK/ChipLib/SW4063V1416/Components/Library/libMAC_JN516x.a(mac_lp.o)
                0x00000000000881f6                mac_vLPBSleep
 .text.MAC_u32ConvertFrom16uS
                0x0000000000088242       0x3a /Users/myu210/Desktop/MWSTAGE/MWSDK/ChipLib/SW4063V1416/Components/Library/libMAC_JN516x.a(mac_lp.o)
                0x0000000000088242                MAC_u32ConvertFrom16uS
 .text.mac_vLPBStartTimer
                0x000000000008827c       0x7f /Users/myu210/Desktop/MWSTAGE/MWSDK/ChipLib/SW4063V1416/Components/Library/libMAC_JN516x.a(mac_lp.o)
                0x000000000008827c                mac_vLPBStartTimer
 .text.bSearchQueue
                0x00000000000882fb       0x2f /Users/myu210/Desktop/MWSTAGE/MWSDK/ChipLib/SW4063V1416/Components/Library/libMAC_JN516x.a(MCPS.o)
 .text.bMCPSframeTXcomplete
                0x000000000008832a       0x53 /Users/myu210/Desktop/MWSTAGE/MWSDK/ChipLib/SW4063V1416/Components/Library/libMAC_JN516x.a(MCPS.o)
 .text.vTAM_MCPSdataRequest
                0x000000000008837d       0x43 /Users/myu210/Desktop/MWSTAGE/MWSDK/ChipLib/SW4063V1416/Components/Library/libMAC_JN516x.a(MCPS.o)
                0x000000000008837d                vTAM_MCPSdataRequest
 .text.vTAM_MCPSpurgeRequest
                0x00000000000883c0       0x5d /Users/myu210/Desktop/MWSTAGE/MWSDK/ChipLib/SW4063V1416/Components/Library/libMAC_JN516x.a(MCPS.o)
                0x00000000000883c0                vTAM_MCPSpurgeRequest
 .text.vMCPSframeReceived
                0x000000000008841d       0x4e /Users/myu210/Desktop/MWSTAGE/MWSDK/ChipLib/SW4063V1416/Components/Library/libMAC_JN516x.a(MCPS.o)
                0x000000000008841d                vMCPSframeReceived
 .text.phy_ePibSet.part.1
                0x000000000008846b       0x66 /Users/myu210/Desktop/MWSTAGE/MWSDK/ChipLib/SW4063V1416/Components/Library/libMAC_JN516x.a(phy_pib.o)
 .text.phy_ePibGet
                0x00000000000884d1       0x33 /Users/myu210/Desktop/MWSTAGE/MWSDK/ChipLib/SW4063V1416/Components/Library/libMAC_JN516x.a(phy_pib.o)
                0x00000000000884d1                phy_ePibGet
 .text.vPhySetChannel
                0x0000000000088504       0x97 /Users/myu210/Desktop/MWSTAGE/MWSDK/ChipLib/SW4063V1416/Components/Library/libMAC_JN516x.a(phy_pib.o)
                0x0000000000088504                vPhySetChannel
 .text.phy_ePibSet
                0x000000000008859b       0x3d /Users/myu210/Desktop/MWSTAGE/MWSDK/ChipLib/SW4063V1416/Components/Library/libMAC_JN516x.a(phy_pib.o)
                0x000000000008859b                phy_ePibSet
 .text.phy_vPibSetDefaults
                0x00000000000885d8       0x1e /Users/myu210/Desktop/MWSTAGE/MWSDK/ChipLib/SW4063V1416/Components/Library/libMAC_JN516x.a(phy_pib.o)
                0x00000000000885d8                phy_vPibSetDefaults
 .text.bTAMinPAN
                0x00000000000885f6       0x14 /Users/myu210/Desktop/MWSTAGE/MWSDK/ChipLib/SW4063V1416/Components/Library/libMAC_JN516x.a(TAM.o)
                0x00000000000885f6                bTAMinPAN
 .text.vTAM_MLMEstartRequest
                0x000000000008860a       0x7d /Users/myu210/Desktop/MWSTAGE/MWSDK/ChipLib/SW4063V1416/Components/Library/libMAC_JN516x.a(TAM.o)
                0x000000000008860a                vTAM_MLMEstartRequest
 .text.vTAM_MLMEsyncRequest
                0x0000000000088687       0x18 /Users/myu210/Desktop/MWSTAGE/MWSDK/ChipLib/SW4063V1416/Components/Library/libMAC_JN516x.a(TAM.o)
                0x0000000000088687                vTAM_MLMEsyncRequest
 *fill*         0x000000000008869f        0x1 00
 .text.eTAMselect
                0x00000000000886a0      0x134 /Users/myu210/Desktop/MWSTAGE/MWSDK/ChipLib/SW4063V1416/Components/Library/libMAC_JN516x.a(TAM.o)
                0x00000000000886a0                eTAMselect
 .text.vTAMreset
                0x00000000000887d4      0x1b7 /Users/myu210/Desktop/MWSTAGE/MWSDK/ChipLib/SW4063V1416/Components/Library/libMAC_JN516x.a(TAM.o)
                0x00000000000887d4                vTAMreset
 .text.eTAMevent
                0x000000000008898b       0x17 /Users/myu210/Desktop/MWSTAGE/MWSDK/ChipLib/SW4063V1416/Components/Library/libMAC_JN516x.a(TAM.o)
                0x000000000008898b                eTAMevent
 .text.vTrySendFromDirectCAP
                0x00000000000889a2       0x1f /Users/myu210/Desktop/MWSTAGE/MWSDK/ChipLib/SW4063V1416/Components/Library/libMAC_JN516x.a(TAMCO.o)
 .text.vTrySendFromDirectNoBeacon
                0x00000000000889c1       0x2f /Users/myu210/Desktop/MWSTAGE/MWSDK/ChipLib/SW4063V1416/Components/Library/libMAC_JN516x.a(TAMCO.o)
 .text.vTAMCOint1Fired
                0x00000000000889f0       0xd1 /Users/myu210/Desktop/MWSTAGE/MWSDK/ChipLib/SW4063V1416/Components/Library/libMAC_JN516x.a(TAMCO.o)
                0x00000000000889f0                vTAMCOint1Fired
 .text.vTAMCOframeTXbeacon
                0x0000000000088ac1       0xb0 /Users/myu210/Desktop/MWSTAGE/MWSDK/ChipLib/SW4063V1416/Components/Library/libMAC_JN516x.a(TAMCO.o)
                0x0000000000088ac1                vTAMCOframeTXbeacon
 .text.vTAMCOint2Fired
                0x0000000000088b71       0x21 /Users/myu210/Desktop/MWSTAGE/MWSDK/ChipLib/SW4063V1416/Components/Library/libMAC_JN516x.a(TAMCO.o)
                0x0000000000088b71                vTAMCOint2Fired
 .text.vTAMCOframeTXgoingIdle
                0x0000000000088b92       0x19 /Users/myu210/Desktop/MWSTAGE/MWSDK/ChipLib/SW4063V1416/Components/Library/libMAC_JN516x.a(TAMCO.o)
                0x0000000000088b92                vTAMCOframeTXgoingIdle
 .text.vTAMCOint1FiredCAP
                0x0000000000088bab       0x78 /Users/myu210/Desktop/MWSTAGE/MWSDK/ChipLib/SW4063V1416/Components/Library/libMAC_JN516x.a(TAMCO.o)
                0x0000000000088bab                vTAMCOint1FiredCAP
 .text.vTAMCOframeTXcap
                0x0000000000088c23       0x24 /Users/myu210/Desktop/MWSTAGE/MWSDK/ChipLib/SW4063V1416/Components/Library/libMAC_JN516x.a(TAMCO.o)
                0x0000000000088c23                vTAMCOframeTXcap
 .text.vTAMCOframeRXcap
                0x0000000000088c47       0x12 /Users/myu210/Desktop/MWSTAGE/MWSDK/ChipLib/SW4063V1416/Components/Library/libMAC_JN516x.a(TAMCO.o)
                0x0000000000088c47                vTAMCOframeRXcap
 .text.vTAMCOframeRXgoingIdle
                0x0000000000088c59       0x16 /Users/myu210/Desktop/MWSTAGE/MWSDK/ChipLib/SW4063V1416/Components/Library/libMAC_JN516x.a(TAMCO.o)
                0x0000000000088c59                vTAMCOframeRXgoingIdle
 .text.vTAMCOframeTXnobeacon
                0x0000000000088c6f       0x15 /Users/myu210/Desktop/MWSTAGE/MWSDK/ChipLib/SW4063V1416/Components/Library/libMAC_JN516x.a(TAMCO.o)
                0x0000000000088c6f                vTAMCOframeTXnobeacon
 .text.vTAMCOframeRXnobeacon
                0x0000000000088c84       0x12 /Users/myu210/Desktop/MWSTAGE/MWSDK/ChipLib/SW4063V1416/Components/Library/libMAC_JN516x.a(TAMCO.o)
                0x0000000000088c84                vTAMCOframeRXnobeacon
 .text.vTAMCOreqTXnoBeacon
                0x0000000000088c96       0x12 /Users/myu210/Desktop/MWSTAGE/MWSDK/ChipLib/SW4063V1416/Components/Library/libMAC_JN516x.a(TAMCO.o)
                0x0000000000088c96                vTAMCOreqTXnoBeacon
 .text.vTAMCOreqTXinCAP
                0x0000000000088ca8       0x29 /Users/myu210/Desktop/MWSTAGE/MWSDK/ChipLib/SW4063V1416/Components/Library/libMAC_JN516x.a(TAMCO.o)
                0x0000000000088ca8                vTAMCOreqTXinCAP
 .text.vTAMCOsetCoordinator
                0x0000000000088cd1       0x29 /Users/myu210/Desktop/MWSTAGE/MWSDK/ChipLib/SW4063V1416/Components/Library/libMAC_JN516x.a(TAMCO.o)
                0x0000000000088cd1                vTAMCOsetCoordinator
 .text.vTAMCOstartBeacon
                0x0000000000088cfa       0x3c /Users/myu210/Desktop/MWSTAGE/MWSDK/ChipLib/SW4063V1416/Components/Library/libMAC_JN516x.a(TAMCO.o)
                0x0000000000088cfa                vTAMCOstartBeacon
 .text.vStartStoreValues
                0x0000000000088d36       0xc1 /Users/myu210/Desktop/MWSTAGE/MWSDK/ChipLib/SW4063V1416/Components/Library/libMAC_JN516x.a(TAMCO.o)
 .text.vTAMCO_MLMEstartRequest
                0x0000000000088df7      0x103 /Users/myu210/Desktop/MWSTAGE/MWSDK/ChipLib/SW4063V1416/Components/Library/libMAC_JN516x.a(TAMCO.o)
                0x0000000000088df7                vTAMCO_MLMEstartRequest
 .text.bStartCallback
                0x0000000000088efa       0x29 /Users/myu210/Desktop/MWSTAGE/MWSDK/ChipLib/SW4063V1416/Components/Library/libMAC_JN516x.a(TAMCO.o)
 .text.vTAMCOframeStarting
                0x0000000000088f23       0x19 /Users/myu210/Desktop/MWSTAGE/MWSDK/ChipLib/SW4063V1416/Components/Library/libMAC_JN516x.a(TAMCO.o)
                0x0000000000088f23                vTAMCOframeStarting
 .text.vTAMCOupdatePendingList
                0x0000000000088f3c       0xc5 /Users/myu210/Desktop/MWSTAGE/MWSDK/ChipLib/SW4063V1416/Components/Library/libMAC_JN516x.a(TAMCO.o)
                0x0000000000088f3c                vTAMCOupdatePendingList
 .text.vSetPHYfromMacValue
                0x0000000000089001       0x3f /Users/myu210/Desktop/MWSTAGE/MWSDK/ChipLib/SW4063V1416/Components/Library/libMAC_JN516x.a(TAMDE.o)
 .text.vTrySendUnslotted
                0x0000000000089040       0x1c /Users/myu210/Desktop/MWSTAGE/MWSDK/ChipLib/SW4063V1416/Components/Library/libMAC_JN516x.a(TAMDE.o)
 .text.bSendDataRequest
                0x000000000008905c      0x108 /Users/myu210/Desktop/MWSTAGE/MWSDK/ChipLib/SW4063V1416/Components/Library/libMAC_JN516x.a(TAMDE.o)
 .text.bProcessBeaconRX
                0x0000000000089164       0xde /Users/myu210/Desktop/MWSTAGE/MWSDK/ChipLib/SW4063V1416/Components/Library/libMAC_JN516x.a(TAMDE.o)
 .text.vTAMDEint1FiredTracking
                0x0000000000089242       0x5e /Users/myu210/Desktop/MWSTAGE/MWSDK/ChipLib/SW4063V1416/Components/Library/libMAC_JN516x.a(TAMDE.o)
                0x0000000000089242                vTAMDEint1FiredTracking
 .text.vTAMDEdetermineNullState
                0x00000000000892a0       0x1d /Users/myu210/Desktop/MWSTAGE/MWSDK/ChipLib/SW4063V1416/Components/Library/libMAC_JN516x.a(TAMDE.o)
                0x00000000000892a0                vTAMDEdetermineNullState
 .text.vTAMDEint1FiredWaitDR
                0x00000000000892bd        0xe /Users/myu210/Desktop/MWSTAGE/MWSDK/ChipLib/SW4063V1416/Components/Library/libMAC_JN516x.a(TAMDE.o)
                0x00000000000892bd                vTAMDEint1FiredWaitDR
 .text.vTAMDEint1FiredTrackingCAPgts
                0x00000000000892cb       0xb0 /Users/myu210/Desktop/MWSTAGE/MWSDK/ChipLib/SW4063V1416/Components/Library/libMAC_JN516x.a(TAMDE.o)
                0x00000000000892cb                vTAMDEint1FiredTrackingCAPgts
 .text.vTAMDEint1FiredSyncReq
                0x000000000008937b       0x63 /Users/myu210/Desktop/MWSTAGE/MWSDK/ChipLib/SW4063V1416/Components/Library/libMAC_JN516x.a(TAMDE.o)
                0x000000000008937b                vTAMDEint1FiredSyncReq
 .text.vTAMDEstartSync
                0x00000000000893de       0x71 /Users/myu210/Desktop/MWSTAGE/MWSDK/ChipLib/SW4063V1416/Components/Library/libMAC_JN516x.a(TAMDE.o)
                0x00000000000893de                vTAMDEstartSync
 .text.vDeterminePowerState
                0x000000000008944f       0x89 /Users/myu210/Desktop/MWSTAGE/MWSDK/ChipLib/SW4063V1416/Components/Library/libMAC_JN516x.a(TAMDE.o)
 .text.vTAMDEreqTXnullTrackingCAP
                0x00000000000894d8       0x19 /Users/myu210/Desktop/MWSTAGE/MWSDK/ChipLib/SW4063V1416/Components/Library/libMAC_JN516x.a(TAMDE.o)
                0x00000000000894d8                vTAMDEreqTXnullTrackingCAP
 .text.vTAMDEframeTXDEnull
                0x00000000000894f1       0x22 /Users/myu210/Desktop/MWSTAGE/MWSDK/ChipLib/SW4063V1416/Components/Library/libMAC_JN516x.a(TAMDE.o)
                0x00000000000894f1                vTAMDEframeTXDEnull
 .text.vTAMDEframeTXtrackingCAPgts
                0x0000000000089513       0x2b /Users/myu210/Desktop/MWSTAGE/MWSDK/ChipLib/SW4063V1416/Components/Library/libMAC_JN516x.a(TAMDE.o)
                0x0000000000089513                vTAMDEframeTXtrackingCAPgts
 .text.vTAMDEframeRX
                0x000000000008953e       0x2a /Users/myu210/Desktop/MWSTAGE/MWSDK/ChipLib/SW4063V1416/Components/Library/libMAC_JN516x.a(TAMDE.o)
                0x000000000008953e                vTAMDEframeRX
 .text.vTAMDEint2FiredPollActive
                0x0000000000089568       0x31 /Users/myu210/Desktop/MWSTAGE/MWSDK/ChipLib/SW4063V1416/Components/Library/libMAC_JN516x.a(TAMDE.o)
                0x0000000000089568                vTAMDEint2FiredPollActive
 .text.vTAMDEint2FiredTrackingDR
                0x0000000000089599       0x25 /Users/myu210/Desktop/MWSTAGE/MWSDK/ChipLib/SW4063V1416/Components/Library/libMAC_JN516x.a(TAMDE.o)
                0x0000000000089599                vTAMDEint2FiredTrackingDR
 .text.vTAMDEframeRXtrackingDR
                0x00000000000895be       0x42 /Users/myu210/Desktop/MWSTAGE/MWSDK/ChipLib/SW4063V1416/Components/Library/libMAC_JN516x.a(TAMDE.o)
                0x00000000000895be                vTAMDEframeRXtrackingDR
 .text.vTAMDEframeTXtrackingDR
                0x0000000000089600       0x5a /Users/myu210/Desktop/MWSTAGE/MWSDK/ChipLib/SW4063V1416/Components/Library/libMAC_JN516x.a(TAMDE.o)
                0x0000000000089600                vTAMDEframeTXtrackingDR
 .text.vTAMDEint1FiredTrackingBeacon
                0x000000000008965a       0x98 /Users/myu210/Desktop/MWSTAGE/MWSDK/ChipLib/SW4063V1416/Components/Library/libMAC_JN516x.a(TAMDE.o)
                0x000000000008965a                vTAMDEint1FiredTrackingBeacon
 .text.vTAMDEframeRXsyncReq
                0x00000000000896f2      0x221 /Users/myu210/Desktop/MWSTAGE/MWSDK/ChipLib/SW4063V1416/Components/Library/libMAC_JN516x.a(TAMDE.o)
                0x00000000000896f2                vTAMDEframeRXsyncReq
 .text.vTAMDEframePreSyncReq
                0x0000000000089913       0x18 /Users/myu210/Desktop/MWSTAGE/MWSDK/ChipLib/SW4063V1416/Components/Library/libMAC_JN516x.a(TAMDE.o)
                0x0000000000089913                vTAMDEframePreSyncReq
 .text.vTAMDE_MLMEsyncRequest
                0x000000000008992b       0x2f /Users/myu210/Desktop/MWSTAGE/MWSDK/ChipLib/SW4063V1416/Components/Library/libMAC_JN516x.a(TAMDE.o)
                0x000000000008992b                vTAMDE_MLMEsyncRequest
 .text.vMEMreset
                0x000000000008995a       0x68 /Users/myu210/Desktop/MWSTAGE/MWSDK/ChipLib/SW4063V1416/Components/Library/libMAC_JN516x.a(TAM_MEM.o)
                0x000000000008995a                vMEMreset
 .text.pvMEMget
                0x00000000000899c2       0x29 /Users/myu210/Desktop/MWSTAGE/MWSDK/ChipLib/SW4063V1416/Components/Library/libMAC_JN516x.a(TAM_MEM.o)
                0x00000000000899c2                pvMEMget
 .text.vMEMreturn
                0x00000000000899eb       0x6e /Users/myu210/Desktop/MWSTAGE/MWSDK/ChipLib/SW4063V1416/Components/Library/libMAC_JN516x.a(TAM_MEM.o)
                0x00000000000899eb                vMEMreturn
 .text.vMLMEbeaconNotify
                0x0000000000089a59      0x158 /Users/myu210/Desktop/MWSTAGE/MWSDK/ChipLib/SW4063V1416/Components/Library/libMAC_JN516x.a(TAM_MLME.o)
                0x0000000000089a59                vMLMEbeaconNotify
 .text.vMLMEsyncLoss
                0x0000000000089bb1       0x32 /Users/myu210/Desktop/MWSTAGE/MWSDK/ChipLib/SW4063V1416/Components/Library/libMAC_JN516x.a(TAM_MLME.o)
                0x0000000000089bb1                vMLMEsyncLoss
 .text.vMLMEcommStatus
                0x0000000000089be3       0x62 /Users/myu210/Desktop/MWSTAGE/MWSDK/ChipLib/SW4063V1416/Components/Library/libMAC_JN516x.a(TAM_MLME.o)
                0x0000000000089be3                vMLMEcommStatus
 .text.vMLMEcommStatusFromFrame
                0x0000000000089c45       0x44 /Users/myu210/Desktop/MWSTAGE/MWSDK/ChipLib/SW4063V1416/Components/Library/libMAC_JN516x.a(TAM_MLME.o)
                0x0000000000089c45                vMLMEcommStatusFromFrame
 .text.vMLMErxEnableConfirm
                0x0000000000089c89       0x31 /Users/myu210/Desktop/MWSTAGE/MWSDK/ChipLib/SW4063V1416/Components/Library/libMAC_JN516x.a(TAM_MLME.o)
                0x0000000000089c89                vMLMErxEnableConfirm
 .text.vTAHsetCutOff
                0x0000000000089cba        0xa /Users/myu210/Desktop/MWSTAGE/MWSDK/ChipLib/SW4063V1416/Components/Library/libMAC_JN516x.a(TAM_TAH.o)
                0x0000000000089cba                vTAHsetCutOff
 .text.vTAHsetSyncLock
                0x0000000000089cc4       0x18 /Users/myu210/Desktop/MWSTAGE/MWSDK/ChipLib/SW4063V1416/Components/Library/libMAC_JN516x.a(TAM_TAH.o)
                0x0000000000089cc4                vTAHsetSyncLock
 .text.vTAHsetPhyStateDirect
                0x0000000000089cdc       0x2f /Users/myu210/Desktop/MWSTAGE/MWSDK/ChipLib/SW4063V1416/Components/Library/libMAC_JN516x.a(TAM_TAH.o)
                0x0000000000089cdc                vTAHsetPhyStateDirect
 .text.vTAHsetPhyState
                0x0000000000089d0b       0x34 /Users/myu210/Desktop/MWSTAGE/MWSDK/ChipLib/SW4063V1416/Components/Library/libMAC_JN516x.a(TAM_TAH.o)
                0x0000000000089d0b                vTAHsetPhyState
 .text.vTAIsetCapTime
                0x0000000000089d3f       0x1a /Users/myu210/Desktop/MWSTAGE/MWSDK/ChipLib/SW4063V1416/Components/Library/libMAC_JN516x.a(TAM_TAI.o)
                0x0000000000089d3f                vTAIsetCapTime
 .text.vTAIsetRxEnableTime
                0x0000000000089d59       0x1a /Users/myu210/Desktop/MWSTAGE/MWSDK/ChipLib/SW4063V1416/Components/Library/libMAC_JN516x.a(TAM_TAI.o)
                0x0000000000089d59                vTAIsetRxEnableTime
 .text.vTAIdisableInterrupt
                0x0000000000089d73        0xd /Users/myu210/Desktop/MWSTAGE/MWSDK/ChipLib/SW4063V1416/Components/Library/libMAC_JN516x.a(TAM_TAI.o)
                0x0000000000089d73                vTAIdisableInterrupt
 .text.vWriteFrame
                0x0000000000089d80       0x7c /Users/myu210/Desktop/MWSTAGE/MWSDK/ChipLib/SW4063V1416/Components/Library/libMAC_JN516x.a(TAM_TAT.o)
 .text.vTATstartReceiveAt
                0x0000000000089dfc       0x1b /Users/myu210/Desktop/MWSTAGE/MWSDK/ChipLib/SW4063V1416/Components/Library/libMAC_JN516x.a(TAM_TAT.o)
                0x0000000000089dfc                vTATstartReceiveAt
 .text.eTATreadTXstatus
                0x0000000000089e17       0x46 /Users/myu210/Desktop/MWSTAGE/MWSDK/ChipLib/SW4063V1416/Components/Library/libMAC_JN516x.a(TAM_TAT.o)
                0x0000000000089e17                eTATreadTXstatus
 .text.vTATgetFrameAddress
                0x0000000000089e5d       0x20 /Users/myu210/Desktop/MWSTAGE/MWSDK/ChipLib/SW4063V1416/Components/Library/libMAC_JN516x.a(TAM_TAT.o)
                0x0000000000089e5d                vTATgetFrameAddress
 .text.vTATgetFramePayload
                0x0000000000089e7d       0x1d /Users/myu210/Desktop/MWSTAGE/MWSDK/ChipLib/SW4063V1416/Components/Library/libMAC_JN516x.a(TAM_TAT.o)
                0x0000000000089e7d                vTATgetFramePayload
 .text.vTATsetBLE